Component: ARM Compiler 5.06 update 5 (build 528) Tool: armlink [4d35e2]

==============================================================================

Section Cross References

    startup_stm32f407xx.o(RESET) refers to startup_stm32f407xx.o(STACK) for __initial_sp
    startup_stm32f407xx.o(RESET) refers to startup_stm32f407xx.o(.text) for Reset_Handler
    startup_stm32f407xx.o(RESET) refers to stm32f4xx_it.o(i.NMI_Handler) for NMI_Handler
    startup_stm32f407xx.o(RESET) refers to stm32f4xx_it.o(i.HardFault_Handler) for HardFault_Handler
    startup_stm32f407xx.o(RESET) refers to stm32f4xx_it.o(i.MemManage_Handler) for MemManage_Handler
    startup_stm32f407xx.o(RESET) refers to stm32f4xx_it.o(i.BusFault_Handler) for BusFault_Handler
    startup_stm32f407xx.o(RESET) refers to stm32f4xx_it.o(i.UsageFault_Handler) for UsageFault_Handler
    startup_stm32f407xx.o(RESET) refers to stm32f4xx_it.o(i.SVC_Handler) for SVC_Handler
    startup_stm32f407xx.o(RESET) refers to stm32f4xx_it.o(i.DebugMon_Handler) for DebugMon_Handler
    startup_stm32f407xx.o(RESET) refers to stm32f4xx_it.o(i.PendSV_Handler) for PendSV_Handler
    startup_stm32f407xx.o(RESET) refers to stm32f4xx_it.o(i.SysTick_Handler) for SysTick_Handler
    startup_stm32f407xx.o(RESET) refers to uart.o(i.USART1_IRQHandler) for USART1_IRQHandler
    startup_stm32f407xx.o(RESET) refers to stm32f4xx_it.o(i.OTG_FS_IRQHandler) for OTG_FS_IRQHandler
    startup_stm32f407xx.o(.text) refers to system_stm32f4xx.o(i.SystemInit) for SystemInit
    startup_stm32f407xx.o(.text) refers to entry.o(.ARM.Collect$$$$00000000) for __main
    system_stm32f4xx.o(i.SystemCoreClockUpdate) refers to system_stm32f4xx.o(.data) for .data
    system_stm32f4xx.o(i.SystemCoreClockUpdate) refers to system_stm32f4xx.o(.constdata) for .constdata
    usb_device.o(i.MX_USB_DEVICE_Init) refers to usbd_core.o(i.USBD_Init) for USBD_Init
    usb_device.o(i.MX_USB_DEVICE_Init) refers to usbd_core.o(i.USBD_RegisterClass) for USBD_RegisterClass
    usb_device.o(i.MX_USB_DEVICE_Init) refers to usbd_cdc.o(i.USBD_CDC_RegisterInterface) for USBD_CDC_RegisterInterface
    usb_device.o(i.MX_USB_DEVICE_Init) refers to usbd_core.o(i.USBD_Start) for USBD_Start
    usb_device.o(i.MX_USB_DEVICE_Init) refers to usbd_desc.o(.data) for FS_Desc
    usb_device.o(i.MX_USB_DEVICE_Init) refers to usb_device.o(.bss) for .bss
    usb_device.o(i.MX_USB_DEVICE_Init) refers to usbd_cdc.o(.data) for USBD_CDC
    usb_device.o(i.MX_USB_DEVICE_Init) refers to usbd_cdc_if.o(.data) for USBD_Interface_fops_FS
    main.o(i.MX_I2C1_Init) refers to stm32f4xx_hal_i2c.o(i.HAL_I2C_Init) for HAL_I2C_Init
    main.o(i.MX_I2C1_Init) refers to main.o(.bss) for .bss
    main.o(i.SystemClock_Config) refers to stm32f4xx_hal_rcc.o(i.HAL_RCC_OscConfig) for HAL_RCC_OscConfig
    main.o(i.SystemClock_Config) refers to stm32f4xx_hal_rcc.o(i.HAL_RCC_ClockConfig) for HAL_RCC_ClockConfig
    main.o(i.SystemClock_Config) refers to stm32f4xx_hal_rcc.o(i.HAL_RCC_GetHCLKFreq) for HAL_RCC_GetHCLKFreq
    main.o(i.SystemClock_Config) refers to stm32f4xx_hal_cortex.o(i.HAL_SYSTICK_Config) for HAL_SYSTICK_Config
    main.o(i.SystemClock_Config) refers to stm32f4xx_hal_cortex.o(i.HAL_SYSTICK_CLKSourceConfig) for HAL_SYSTICK_CLKSourceConfig
    main.o(i.SystemClock_Config) refers to stm32f4xx_hal_cortex.o(i.HAL_NVIC_SetPriority) for HAL_NVIC_SetPriority
    main.o(i.main) refers to stm32f4xx_hal.o(i.HAL_Init) for HAL_Init
    main.o(i.main) refers to main.o(i.SystemClock_Config) for SystemClock_Config
    main.o(i.main) refers to usb_device.o(i.MX_USB_DEVICE_Init) for MX_USB_DEVICE_Init
    main.o(i.main) refers to main.o(i.MX_I2C1_Init) for MX_I2C1_Init
    main.o(i.main) refers to uart.o(i.USART1_Init) for USART1_Init
    main.o(i.main) refers to mpu.o(i.i2cWrite) for i2cWrite
    main.o(i.main) refers to mpu.o(i.MagnetInit) for MagnetInit
    main.o(i.main) refers to mpu.o(i.readMPU) for readMPU
    main.o(i.main) refers to madgwickahrs.o(i.MadgwickAHRSupdate) for MadgwickAHRSupdate
    main.o(i.main) refers to uart.o(i.USART1_Send_String) for USART1_Send_String
    main.o(i.main) refers to stm32f4xx_hal.o(i.HAL_Delay) for HAL_Delay
    main.o(i.main) refers to main.o(.bss) for .bss
    main.o(i.main) refers to madgwickahrs.o(.data) for q0
    stm32f4xx_it.o(i.OTG_FS_IRQHandler) refers to stm32f4xx_hal_pcd.o(i.HAL_PCD_IRQHandler) for HAL_PCD_IRQHandler
    stm32f4xx_it.o(i.OTG_FS_IRQHandler) refers to usbd_conf.o(.bss) for hpcd_USB_OTG_FS
    stm32f4xx_it.o(i.SysTick_Handler) refers to stm32f4xx_hal.o(i.HAL_IncTick) for HAL_IncTick
    stm32f4xx_it.o(i.SysTick_Handler) refers to stm32f4xx_hal_cortex.o(i.HAL_SYSTICK_IRQHandler) for HAL_SYSTICK_IRQHandler
    usbd_conf.o(i.HAL_PCD_ConnectCallback) refers to usbd_core.o(i.USBD_LL_DevConnected) for USBD_LL_DevConnected
    usbd_conf.o(i.HAL_PCD_DataInStageCallback) refers to usbd_core.o(i.USBD_LL_DataInStage) for USBD_LL_DataInStage
[...]
    ..\Drivers\STM32F4xx_HAL_Driver\Src\stm32f4xx_hal_rcc.c 0x00000000   Number         0  stm32f4xx_hal_rcc.o ABSOLUTE
    ..\Drivers\STM32F4xx_HAL_Driver\Src\stm32f4xx_hal_rcc_ex.c 0x00000000   Number         0  stm32f4xx_hal_rcc_ex.o ABSOLUTE
    ..\Drivers\STM32F4xx_HAL_Driver\Src\stm32f4xx_hal_tim.c 0x00000000   Number         0  stm32f4xx_hal_tim.o ABSOLUTE
    ..\Drivers\STM32F4xx_HAL_Driver\Src\stm32f4xx_hal_tim_ex.c 0x00000000   Number         0  stm32f4xx_hal_tim_ex.o ABSOLUTE
    ..\Drivers\STM32F4xx_HAL_Driver\Src\stm32f4xx_ll_usb.c 0x00000000   Number         0  stm32f4xx_ll_usb.o ABSOLUTE
    ..\Middlewares\ST\STM32_USB_Device_Library\Class\CDC\Src\usbd_cdc.c 0x00000000   Number         0  usbd_cdc.o ABSOLUTE
    ..\Middlewares\ST\STM32_USB_Device_Library\Core\Src\usbd_core.c 0x00000000   Number         0  usbd_core.o ABSOLUTE
    ..\Middlewares\ST\STM32_USB_Device_Library\Core\Src\usbd_ctlreq.c 0x00000000   Number         0  usbd_ctlreq.o ABSOLUTE
    ..\Middlewares\ST\STM32_USB_Device_Library\Core\Src\usbd_ioreq.c 0x00000000   Number         0  usbd_ioreq.o ABSOLUTE
    ..\Src\MadgwickAHRS.c                    0x00000000   Number         0  madgwickahrs.o ABSOLUTE
    ..\Src\main.c                            0x00000000   Number         0  main.o ABSOLUTE
    ..\Src\mpu.c                             0x00000000   Number         0  mpu.o ABSOLUTE
    ..\Src\stm32f4xx_hal_msp.c               0x00000000   Number         0  stm32f4xx_hal_msp.o ABSOLUTE
    ..\Src\stm32f4xx_it.c                    0x00000000   Number         0  stm32f4xx_it.o ABSOLUTE
    ..\Src\system_stm32f4xx.c                0x00000000   Number         0  system_stm32f4xx.o ABSOLUTE
    ..\Src\uart.c                            0x00000000   Number         0  uart.o ABSOLUTE
    ..\Src\usb_device.c                      0x00000000   Number         0  usb_device.o ABSOLUTE
    ..\Src\usbd_cdc_if.c                     0x00000000   Number         0  usbd_cdc_if.o ABSOLUTE
    ..\Src\usbd_conf.c                       0x00000000   Number         0  usbd_conf.o ABSOLUTE
    ..\Src\usbd_desc.c                       0x00000000   Number         0  usbd_desc.o ABSOLUTE
    ..\\Src\\mpu.c                           0x00000000   Number         0  mpu.o ABSOLUTE
    ..\\Src\\uart.c                          0x00000000   Number         0  uart.o ABSOLUTE
    cdcmple.s                                0x00000000   Number         0  cdcmple.o ABSOLUTE
    dc.s                                     0x00000000   Number         0  dc.o ABSOLUTE
    handlers.s                               0x00000000   Number         0  handlers.o ABSOLUTE
    init.s                                   0x00000000   Number         0  init.o ABSOLUTE
    startup_stm32f407xx.s                    0x00000000   Number         0  startup_stm32f407xx.o ABSOLUTE
    RESET                                    0x08000000   Section      392  startup_stm32f407xx.o(RESET)
    .ARM.Collect$$$$00000000                 0x08000188   Section        0  entry.o(.ARM.Collect$$$$00000000)
    .ARM.Collect$$$$00000001                 0x08000188   Section        4  entry2.o(.ARM.Collect$$$$00000001)
    .ARM.Collect$$$$00000004                 0x0800018c   Section        4  entry5.o(.ARM.Collect$$$$00000004)
    .ARM.Collect$$$$00000008                 0x08000190   Section        0  entry7b.o(.ARM.Collect$$$$00000008)
    .ARM.Collect$$$$0000000A                 0x08000190   Section        0  entry8b.o(.ARM.Collect$$$$0000000A)
    .ARM.Collect$$$$0000000B                 0x08000190   Section        8  entry9a.o(.ARM.Collect$$$$0000000B)
    .ARM.Collect$$$$0000000D                 0x08000198   Section        0  entry10a.o(.ARM.Collect$$$$0000000D)
    .ARM.Collect$$$$0000000F                 0x08000198   Section        0  entry11a.o(.ARM.Collect$$$$0000000F)
    .ARM.Collect$$$$00002712                 0x08000198   Section        4  entry2.o(.ARM.Collect$$$$00002712)
    __lit__00000000                          0x08000198   Data           4  entry2.o(.ARM.Collect$$$$00002712)
    .text                                    0x0800019c   Section       36  startup_stm32f407xx.o(.text)
    $v0                                      0x0800019c   Number         0  startup_stm32f407xx.o(.text)
    .text                                    0x080001c0   Section        0  uldiv.o(.text)
    .text                                    0x08000222   Section        0  memcpya.o(.text)
    .text                                    0x08000246   Section        0  f2d.o(.text)
    .text                                    0x0800026c   Section        0  d2f.o(.text)
    .text                                    0x080002a4   Section        0  llshl.o(.text)
    .text                                    0x080002c2   Section        0  llushr.o(.text)
    .text                                    0x080002e2   Section        0  iusefp.o(.text)
    .text                                    0x080002e2   Section        0  fepilogue.o(.text)
    .text                                    0x08000350   Section        0  dsqrt.o(.text)
    .text                                    0x080003f4   Section       36  init.o(.text)
    .text                                    0x08000418   Section        0  depilogue.o(.text)
    .text                                    0x080004d2   Section        0  __dczerorl2.o(.text)
    i.BusFault_Handler                       0x08000528   Section        0  stm32f4xx_it.o(i.BusFault_Handler)
    i.CDC_Control_FS                         0x0800052a   Section        0  usbd_cdc_if.o(i.CDC_Control_FS)
    CDC_Control_FS                           0x0800052b   Thumb Code     4  usbd_cdc_if.o(i.CDC_Control_FS)
    i.CDC_DeInit_FS                          0x0800052e   Section        0  usbd_cdc_if.o(i.CDC_DeInit_FS)
    CDC_DeInit_FS                            0x0800052f   Thumb Code     4  usbd_cdc_if.o(i.CDC_DeInit_FS)
    i.CDC_Init_FS                            0x08000534   Section        0  usbd_cdc_if.o(i.CDC_Init_FS)
    CDC_Init_FS                              0x08000535   Thumb Code    24  usbd_cdc_if.o(i.CDC_Init_FS)
    i.CDC_Receive_FS                         0x08000558   Section        0  usbd_cdc_if.o(i.CDC_Receive_FS)
    CDC_Receive_FS                           0x08000559   Thumb Code    20  usbd_cdc_if.o(i.CDC_Receive_FS)
    i.DebugMon_Handler                       0x08000570   Section        0  stm32f4xx_it.o(i.DebugMon_Handler)
    i.HAL_Delay                              0x08000574   Section        0  stm32f4xx_hal.o(i.HAL_Delay)
    i.HAL_GPIO_Init                          0x08000598   Section        0  stm32f4xx_hal_gpio.o(i.HAL_GPIO_Init)
    i.HAL_GetTick                            0x08000748   Section        0  stm32f4xx_hal.o(i.HAL_GetTick)
    i.HAL_I2C_Init                           0x08000754   Section        0  stm32f4xx_hal_i2c.o(i.HAL_I2C_Init)
    i.HAL_I2C_MspInit                        0x0800085c   Section        0  stm32f4xx_hal_msp.o(i.HAL_I2C_MspInit)
    i.HAL_IncTick                            0x080008a8   Section        0  stm32f4xx_hal.o(i.HAL_IncTick)
    i.HAL_Init                               0x080008b8   Section        0  stm32f4xx_hal.o(i.HAL_Init)
    i.HAL_InitTick                           0x080008ec   Section        0  stm32f4xx_hal.o(i.HAL_InitTick)
    i.HAL_MspInit                            0x0800092c   Section        0  stm32f4xx_hal_msp.o(i.HAL_MspInit)
    i.HAL_NVIC_EnableIRQ                     0x08000984   Section        0  stm32f4xx_hal_cortex.o(i.HAL_NVIC_EnableIRQ)
    i.HAL_NVIC_SetPriority                   0x0800099c   Section        0  stm32f4xx_hal_cortex.o(i.HAL_NVIC_SetPriority)
    i.HAL_NVIC_SetPriorityGrouping           0x080009dc   Section        0  stm32f4xx_hal_cortex.o(i.HAL_NVIC_SetPriorityGrouping)
    i.HAL_PCDEx_SetRxFiFo                    0x08000a00   Section        0  stm32f4xx_hal_pcd_ex.o(i.HAL_PCDEx_SetRxFiFo)
    i.HAL_PCDEx_SetTxFiFo                    0x08000a08   Section        0  stm32f4xx_hal_pcd_ex.o(i.HAL_PCDEx_SetTxFiFo)
    i.HAL_PCD_ConnectCallback                0x08000a4c   Section        0  usbd_conf.o(i.HAL_PCD_ConnectCallback)
    i.HAL_PCD_DataInStageCallback            0x08000a54   Section        0  usbd_conf.o(i.HAL_PCD_DataInStageCallback)
    i.HAL_PCD_DataOutStageCallback           0x08000a66   Section        0  usbd_conf.o(i.HAL_PCD_DataOutStageCallback)
    i.HAL_PCD_DisconnectCallback             0x08000a7a   Section        0  usbd_conf.o(i.HAL_PCD_DisconnectCallback)
    i.HAL_PCD_EP_Close                       0x08000a82   Section        0  stm32f4xx_hal_pcd.o(i.HAL_PCD_EP_Close)
    i.HAL_PCD_EP_ClrStall                    0x08000ac6   Section        0  stm32f4xx_hal_pcd.o(i.HAL_PCD_EP_ClrStall)
    i.HAL_PCD_EP_GetRxCount                  0x08000b16   Section        0  stm32f4xx_hal_pcd.o(i.HAL_PCD_EP_GetRxCount)
    i.HAL_PCD_EP_Open                        0x08000b2a   Section        0  stm32f4xx_hal_pcd.o(i.HAL_PCD_EP_Open)
    i.HAL_PCD_EP_Receive                     0x08000b7e   Section        0  stm32f4xx_hal_pcd.o(i.HAL_PCD_EP_Receive)
    i.HAL_PCD_EP_SetStall                    0x08000bc6   Section        0  stm32f4xx_hal_pcd.o(i.HAL_PCD_EP_SetStall)
    i.HAL_PCD_EP_Transmit                    0x08000c26   Section        0  stm32f4xx_hal_pcd.o(i.HAL_PCD_EP_Transmit)
    i.HAL_PCD_IRQHandler                     0x08000c68   Section        0  stm32f4xx_hal_pcd.o(i.HAL_PCD_IRQHandler)
    i.HAL_PCD_ISOINIncompleteCallback        0x0800115c   Section        0  usbd_conf.o(i.HAL_PCD_ISOINIncompleteCallback)
    i.HAL_PCD_ISOOUTIncompleteCallback       0x08001164   Section        0  usbd_conf.o(i.HAL_PCD_ISOOUTIncompleteCallback)
    i.HAL_PCD_Init                           0x0800116c   Section        0  stm32f4xx_hal_pcd.o(i.HAL_PCD_Init)
    i.HAL_PCD_MspInit                        0x0800122c   Section        0  usbd_conf.o(i.HAL_PCD_MspInit)
    i.HAL_PCD_ResetCallback                  0x080012a4   Section        0  usbd_conf.o(i.HAL_PCD_ResetCallback)
    i.HAL_PCD_ResumeCallback                 0x080012c4   Section        0  usbd_conf.o(i.HAL_PCD_ResumeCallback)
    i.HAL_PCD_SOFCallback                    0x080012cc   Section        0  usbd_conf.o(i.HAL_PCD_SOFCallback)
    i.HAL_PCD_SetAddress                     0x080012d4   Section        0  stm32f4xx_hal_pcd.o(i.HAL_PCD_SetAddress)
    i.HAL_PCD_SetupStageCallback             0x080012f8   Section        0  usbd_conf.o(i.HAL_PCD_SetupStageCallback)
    i.HAL_PCD_Start                          0x08001306   Section        0  stm32f4xx_hal_pcd.o(i.HAL_PCD_Start)
    i.HAL_PCD_SuspendCallback                0x08001330   Section        0  usbd_conf.o(i.HAL_PCD_SuspendCallback)
    i.HAL_RCC_ClockConfig                    0x08001360   Section        0  stm32f4xx_hal_rcc.o(i.HAL_RCC_ClockConfig)
    i.HAL_RCC_GetHCLKFreq                    0x08001490   Section        0  stm32f4xx_hal_rcc.o(i.HAL_RCC_GetHCLKFreq)
    i.HAL_RCC_GetPCLK1Freq                   0x0800149c   Section        0  stm32f4xx_hal_rcc.o(i.HAL_RCC_GetPCLK1Freq)
    i.HAL_RCC_GetSysClockFreq                0x080014bc   Section        0  stm32f4xx_hal_rcc.o(i.HAL_RCC_GetSysClockFreq)
    i.HAL_RCC_OscConfig                      0x0800151c   Section        0  stm32f4xx_hal_rcc.o(i.HAL_RCC_OscConfig)
    i.HAL_SYSTICK_CLKSourceConfig            0x08001838   Section        0  stm32f4xx_hal_cortex.o(i.HAL_SYSTICK_CLKSourceConfig)
    i.HAL_SYSTICK_Callback                   0x08001850   Section        0  stm32f4xx_hal_cortex.o(i.HAL_SYSTICK_Callback)
    i.HAL_SYSTICK_Config                     0x08001852   Section        0  stm32f4xx_hal_cortex.o(i.HAL_SYSTICK_Config)
    i.HAL_SYSTICK_IRQHandler                 0x0800187a   Section        0  stm32f4xx_hal_cortex.o(i.HAL_SYSTICK_IRQHandler)
    i.HardFault_Handler                      0x08001882   Section        0  stm32f4xx_it.o(i.HardFault_Handler)
    i.MX_I2C1_Init                           0x08001884   Section        0  main.o(i.MX_I2C1_Init)
    MX_I2C1_Init                             0x08001885   Thumb Code    44  main.o(i.MX_I2C1_Init)
    i.MX_USB_DEVICE_Init                     0x080018bc   Section        0  usb_device.o(i.MX_USB_DEVICE_Init)
    i.MadgwickAHRSupdate                     0x080018f4   Section        0  madgwickahrs.o(i.MadgwickAHRSupdate)
    i.MadgwickAHRSupdateIMU                  0x08001ea8   Section        0  madgwickahrs.o(i.MadgwickAHRSupdateIMU)
    i.MagnetInit                             0x0800214c   Section        0  mpu.o(i.MagnetInit)
    i.MemManage_Handler                      0x080021d2   Section        0  stm32f4xx_it.o(i.MemManage_Handler)
    i.NMI_Handler                            0x080021d4   Section        0  stm32f4xx_it.o(i.NMI_Handler)
    i.NVIC_SetPriority                       0x080021d6   Section        0  stm32f4xx_hal_cortex.o(i.NVIC_SetPriority)
    NVIC_SetPriority                         0x080021d7   Thumb Code    32  stm32f4xx_hal_cortex.o(i.NVIC_SetPriority)
    i.OTG_FS_IRQHandler                      0x080021f8   Section        0  stm32f4xx_it.o(i.OTG_FS_IRQHandler)
    i.PCD_WriteEmptyTxFifo                   0x08002204   Section        0  stm32f4xx_hal_pcd.o(i.PCD_WriteEmptyTxFifo)
    PCD_WriteEmptyTxFifo                     0x08002205   Thumb Code   136  stm32f4xx_hal_pcd.o(i.PCD_WriteEmptyTxFifo)
    i.PendSV_Handler                         0x0800228c   Section        0  stm32f4xx_it.o(i.PendSV_Handler)
    i.SVC_Handler                            0x0800228e   Section        0  stm32f4xx_it.o(i.SVC_Handler)
    i.SysTick_Handler                        0x08002290   Section        0  stm32f4xx_it.o(i.SysTick_Handler)
    i.SystemClock_Config                     0x080022a0   Section        0  main.o(i.SystemClock_Config)
    i.SystemInit                             0x0800233c   Section        0  system_stm32f4xx.o(i.SystemInit)
    i.USART1_IRQHandler                      0x08002390   Section        0  uart.o(i.USART1_IRQHandler)
    i.USART1_Init                            0x08002408   Section        0  uart.o(i.USART1_Init)
    i.USART1_Send                            0x08002468   Section        0  uart.o(i.USART1_Send)
    i.USART1_Send_String                     0x08002478   Section        0  uart.o(i.USART1_Send_String)
    i.USBD_CDC_DataIn                        0x08002492   Section        0  usbd_cdc.o(i.USBD_CDC_DataIn)
    USBD_CDC_DataIn                          0x08002493   Thumb Code    20  usbd_cdc.o(i.USBD_CDC_DataIn)
    i.USBD_CDC_DataOut                       0x080024a6   Section        0  usbd_cdc.o(i.USBD_CDC_DataOut)
    USBD_CDC_DataOut                         0x080024a7   Thumb Code    46  usbd_cdc.o(i.USBD_CDC_DataOut)
    i.USBD_CDC_DeInit                        0x080024d4   Section        0  usbd_cdc.o(i.USBD_CDC_DeInit)
    USBD_CDC_DeInit                          0x080024d5   Thumb Code    60  usbd_cdc.o(i.USBD_CDC_DeInit)
    i.USBD_CDC_EP0_RxReady                   0x08002510   Section        0  usbd_cdc.o(i.USBD_CDC_EP0_RxReady)
    USBD_CDC_EP0_RxReady                     0x08002511   Thumb Code    36  usbd_cdc.o(i.USBD_CDC_EP0_RxReady)
    i.USBD_CDC_GetDeviceQualifierDescriptor  0x08002534   Section        0  usbd_cdc.o(i.USBD_CDC_GetDeviceQualifierDescriptor)
    i.USBD_CDC_GetFSCfgDesc                  0x08002540   Section        0  usbd_cdc.o(i.USBD_CDC_GetFSCfgDesc)
    USBD_CDC_GetFSCfgDesc                    0x08002541   Thumb Code     8  usbd_cdc.o(i.USBD_CDC_GetFSCfgDesc)
    i.USBD_CDC_GetHSCfgDesc                  0x0800254c   Section        0  usbd_cdc.o(i.USBD_CDC_GetHSCfgDesc)
    USBD_CDC_GetHSCfgDesc                    0x0800254d   Thumb Code     8  usbd_cdc.o(i.USBD_CDC_GetHSCfgDesc)
    i.USBD_CDC_GetOtherSpeedCfgDesc          0x08002558   Section        0  usbd_cdc.o(i.USBD_CDC_GetOtherSpeedCfgDesc)
    USBD_CDC_GetOtherSpeedCfgDesc            0x08002559   Thumb Code     8  usbd_cdc.o(i.USBD_CDC_GetOtherSpeedCfgDesc)
    i.USBD_CDC_Init                          0x08002564   Section        0  usbd_cdc.o(i.USBD_CDC_Init)
    USBD_CDC_Init                            0x08002565   Thumb Code   136  usbd_cdc.o(i.USBD_CDC_Init)
    i.USBD_CDC_ReceivePacket                 0x080025ec   Section        0  usbd_cdc.o(i.USBD_CDC_ReceivePacket)
    i.USBD_CDC_RegisterInterface             0x08002614   Section        0  usbd_cdc.o(i.USBD_CDC_RegisterInterface)
    i.USBD_CDC_SetRxBuffer                   0x08002624   Section        0  usbd_cdc.o(i.USBD_CDC_SetRxBuffer)
    i.USBD_CDC_SetTxBuffer                   0x08002630   Section        0  usbd_cdc.o(i.USBD_CDC_SetTxBuffer)
    i.USBD_CDC_Setup                         0x08002640   Section        0  usbd_cdc.o(i.USBD_CDC_Setup)
    USBD_CDC_Setup                           0x08002641   Thumb Code   106  usbd_cdc.o(i.USBD_CDC_Setup)
    i.USBD_ClrClassConfig                    0x080026b0   Section        0  usbd_core.o(i.USBD_ClrClassConfig)
    i.USBD_CtlContinueRx                     0x080026be   Section        0  usbd_ioreq.o(i.USBD_CtlContinueRx)
    i.USBD_CtlContinueSendData               0x080026ce   Section        0  usbd_ioreq.o(i.USBD_CtlContinueSendData)
    i.USBD_CtlError                          0x080026de   Section        0  usbd_ctlreq.o(i.USBD_CtlError)
    i.USBD_CtlPrepareRx                      0x080026f4   Section        0  usbd_ioreq.o(i.USBD_CtlPrepareRx)
    i.USBD_CtlReceiveStatus                  0x08002712   Section        0  usbd_ioreq.o(i.USBD_CtlReceiveStatus)
    i.USBD_CtlSendData                       0x08002728   Section        0  usbd_ioreq.o(i.USBD_CtlSendData)
    i.USBD_CtlSendStatus                     0x08002742   Section        0  usbd_ioreq.o(i.USBD_CtlSendStatus)
    i.USBD_FS_ConfigStrDescriptor            0x08002758   Section        0  usbd_desc.o(i.USBD_FS_ConfigStrDescriptor)
    i.USBD_FS_DeviceDescriptor               0x08002778   Section        0  usbd_desc.o(i.USBD_FS_DeviceDescriptor)
    i.USBD_FS_InterfaceStrDescriptor         0x08002784   Section        0  usbd_desc.o(i.USBD_FS_InterfaceStrDescriptor)
    i.USBD_FS_LangIDStrDescriptor            0x080027a8   Section        0  usbd_desc.o(i.USBD_FS_LangIDStrDescriptor)
    i.USBD_FS_ManufacturerStrDescriptor      0x080027b4   Section        0  usbd_desc.o(i.USBD_FS_ManufacturerStrDescriptor)
    i.USBD_FS_ProductStrDescriptor           0x080027dc   Section        0  usbd_desc.o(i.USBD_FS_ProductStrDescriptor)
    i.USBD_FS_SerialStrDescriptor            0x080027fc   Section        0  usbd_desc.o(i.USBD_FS_SerialStrDescriptor)
    i.USBD_GetDescriptor                     0x08002820   Section        0  usbd_ctlreq.o(i.USBD_GetDescriptor)
    USBD_GetDescriptor                       0x08002821   Thumb Code   224  usbd_ctlreq.o(i.USBD_GetDescriptor)
    i.USBD_GetString                         0x08002900   Section        0  usbd_ctlreq.o(i.USBD_GetString)
    i.USBD_Init                              0x08002946   Section        0  usbd_core.o(i.USBD_Init)
    i.USBD_LL_ClearStallEP                   0x08002970   Section        0  usbd_conf.o(i.USBD_LL_ClearStallEP)
    i.USBD_LL_CloseEP                        0x08002990   Section        0  usbd_conf.o(i.USBD_LL_CloseEP)
    i.USBD_LL_DataInStage                    0x080029b0   Section        0  usbd_core.o(i.USBD_LL_DataInStage)
    i.USBD_LL_DataOutStage                   0x08002a5a   Section        0  usbd_core.o(i.USBD_LL_DataOutStage)
    i.USBD_LL_DevConnected                   0x08002ac4   Section        0  usbd_core.o(i.USBD_LL_DevConnected)
    i.USBD_LL_DevDisconnected                0x08002ac8   Section        0  usbd_core.o(i.USBD_LL_DevDisconnected)
    i.USBD_LL_GetRxDataSize                  0x08002ade   Section        0  usbd_conf.o(i.USBD_LL_GetRxDataSize)
    i.USBD_LL_Init                           0x08002ae8   Section        0  usbd_conf.o(i.USBD_LL_Init)
    i.USBD_LL_IsStallEP                      0x08002b64   Section        0  usbd_conf.o(i.USBD_LL_IsStallEP)
    i.USBD_LL_IsoINIncomplete                0x08002b84   Section        0  usbd_core.o(i.USBD_LL_IsoINIncomplete)
    i.USBD_LL_IsoOUTIncomplete               0x08002b88   Section        0  usbd_core.o(i.USBD_LL_IsoOUTIncomplete)
    i.USBD_LL_OpenEP                         0x08002b8c   Section        0  usbd_conf.o(i.USBD_LL_OpenEP)
    i.USBD_LL_PrepareReceive                 0x08002bb2   Section        0  usbd_conf.o(i.USBD_LL_PrepareReceive)
    i.USBD_LL_Reset                          0x08002bd2   Section        0  usbd_core.o(i.USBD_LL_Reset)
    i.USBD_LL_Resume                         0x08002c10   Section        0  usbd_core.o(i.USBD_LL_Resume)
    i.USBD_LL_SOF                            0x08002c1c   Section        0  usbd_core.o(i.USBD_LL_SOF)
    i.USBD_LL_SetSpeed                       0x08002c34   Section        0  usbd_core.o(i.USBD_LL_SetSpeed)
    i.USBD_LL_SetUSBAddress                  0x08002c3a   Section        0  usbd_conf.o(i.USBD_LL_SetUSBAddress)
    i.USBD_LL_SetupStage                     0x08002c5a   Section        0  usbd_core.o(i.USBD_LL_SetupStage)
    i.USBD_LL_StallEP                        0x08002cb4   Section        0  usbd_conf.o(i.USBD_LL_StallEP)
    i.USBD_LL_Start                          0x08002cd4   Section        0  usbd_conf.o(i.USBD_LL_Start)
    i.USBD_LL_Suspend                        0x08002cf4   Section        0  usbd_core.o(i.USBD_LL_Suspend)
    i.USBD_LL_Transmit                       0x08002d06   Section        0  usbd_conf.o(i.USBD_LL_Transmit)
    i.USBD_ParseSetupRequest                 0x08002d26   Section        0  usbd_ctlreq.o(i.USBD_ParseSetupRequest)
    i.USBD_RegisterClass                     0x08002d4e   Section        0  usbd_core.o(i.USBD_RegisterClass)
    i.USBD_SetClassConfig                    0x08002d5e   Section        0  usbd_core.o(i.USBD_SetClassConfig)
    i.USBD_SetConfig                         0x08002d74   Section        0  usbd_ctlreq.o(i.USBD_SetConfig)
    USBD_SetConfig                           0x08002d75   Thumb Code   110  usbd_ctlreq.o(i.USBD_SetConfig)
    i.USBD_Start                             0x08002de8   Section        0  usbd_core.o(i.USBD_Start)
    i.USBD_StdDevReq                         0x08002df2   Section        0  usbd_ctlreq.o(i.USBD_StdDevReq)
    i.USBD_StdEPReq                          0x08002ee4   Section        0  usbd_ctlreq.o(i.USBD_StdEPReq)
    i.USBD_StdItfReq                         0x08002fc0   Section        0  usbd_ctlreq.o(i.USBD_StdItfReq)
    i.USB_ActivateEndpoint                   0x08002ff4   Section        0  stm32f4xx_ll_usb.o(i.USB_ActivateEndpoint)
    i.USB_ActivateSetup                      0x08003074   Section        0  stm32f4xx_ll_usb.o(i.USB_ActivateSetup)
    i.USB_CoreInit                           0x080030a8   Section        0  stm32f4xx_ll_usb.o(i.USB_CoreInit)
    i.USB_CoreReset                          0x08003114   Section        0  stm32f4xx_ll_usb.o(i.USB_CoreReset)
    USB_CoreReset                            0x08003115   Thumb Code    50  stm32f4xx_ll_usb.o(i.USB_CoreReset)
    i.USB_DeactivateEndpoint                 0x0800314c   Section        0  stm32f4xx_ll_usb.o(i.USB_DeactivateEndpoint)
    i.USB_DevConnect                         0x08003214   Section        0  stm32f4xx_ll_usb.o(i.USB_DevConnect)
    i.USB_DevDisconnect                      0x0800322c   Section        0  stm32f4xx_ll_usb.o(i.USB_DevDisconnect)
    i.USB_DevInit                            0x08003244   Section        0  stm32f4xx_ll_usb.o(i.USB_DevInit)
    i.USB_DisableGlobalInt                   0x08003384   Section        0  stm32f4xx_ll_usb.o(i.USB_DisableGlobalInt)
    i.USB_EP0StartXfer                       0x08003390   Section        0  stm32f4xx_ll_usb.o(i.USB_EP0StartXfer)
    i.USB_EP0_OutStart                       0x080034d0   Section        0  stm32f4xx_ll_usb.o(i.USB_EP0_OutStart)
    i.USB_EPClearStall                       0x0800350e   Section        0  stm32f4xx_ll_usb.o(i.USB_EPClearStall)
    i.USB_EPSetStall                         0x08003572   Section        0  stm32f4xx_ll_usb.o(i.USB_EPSetStall)
    i.USB_EPStartXfer                        0x080035d0   Section        0  stm32f4xx_ll_usb.o(i.USB_EPStartXfer)
    i.USB_EnableGlobalInt                    0x080037ec   Section        0  stm32f4xx_ll_usb.o(i.USB_EnableGlobalInt)
    i.USB_FlushRxFifo                        0x080037f8   Section        0  stm32f4xx_ll_usb.o(i.USB_FlushRxFifo)
    i.USB_FlushTxFifo                        0x08003818   Section        0  stm32f4xx_ll_usb.o(i.USB_FlushTxFifo)
    i.USB_GetDevSpeed                        0x0800383c   Section        0  stm32f4xx_ll_usb.o(i.USB_GetDevSpeed)
    i.USB_GetMode                            0x08003878   Section        0  stm32f4xx_ll_usb.o(i.USB_GetMode)
    i.USB_ReadDevAllInEpInterrupt            0x08003880   Section        0  stm32f4xx_ll_usb.o(i.USB_ReadDevAllInEpInterrupt)
    i.USB_ReadDevAllOutEpInterrupt           0x0800388e   Section        0  stm32f4xx_ll_usb.o(i.USB_ReadDevAllOutEpInterrupt)
    i.USB_ReadDevInEPInterrupt               0x0800389c   Section        0  stm32f4xx_ll_usb.o(i.USB_ReadDevInEPInterrupt)
    i.USB_ReadDevOutEPInterrupt              0x080038ba   Section        0  stm32f4xx_ll_usb.o(i.USB_ReadDevOutEPInterrupt)
    i.USB_ReadInterrupts                     0x080038ca   Section        0  stm32f4xx_ll_usb.o(i.USB_ReadInterrupts)
    i.USB_ReadPacket                         0x080038d2   Section        0  stm32f4xx_ll_usb.o(i.USB_ReadPacket)
    i.USB_SetCurrentMode                     0x080038f2   Section        0  stm32f4xx_ll_usb.o(i.USB_SetCurrentMode)
    i.USB_SetDevAddress                      0x0800391e   Section        0  stm32f4xx_ll_usb.o(i.USB_SetDevAddress)
    i.USB_WritePacket                        0x08003940   Section        0  stm32f4xx_ll_usb.o(i.USB_WritePacket)
    i.UsageFault_Handler                     0x08003968   Section        0  stm32f4xx_it.o(i.UsageFault_Handler)
    i._Error_Handler                         0x0800396a   Section        0  main.o(i._Error_Handler)
    i.__hardfp_sqrt                          0x0800396c   Section        0  sqrt.o(i.__hardfp_sqrt)
    i.__scatterload_copy                     0x080039e6   Section       14  handlers.o(i.__scatterload_copy)
    i.__scatterload_null                     0x080039f4   Section        2  handlers.o(i.__scatterload_null)
    i.__scatterload_zeroinit                 0x080039f6   Section       14  handlers.o(i.__scatterload_zeroinit)
    i.__set_errno                            0x08003a04   Section        0  errno.o(i.__set_errno)
    i.free                                   0x08003a10   Section        0  malloc.o(i.free)
    i.i2cRead                                0x08003a60   Section        0  mpu.o(i.i2cRead)
    i.i2cStart                               0x08003aac   Section        0  mpu.o(i.i2cStart)
    i.i2cStop                                0x08003ac8   Section        0  mpu.o(i.i2cStop)
    i.i2cWrite                               0x08003ad8   Section        0  mpu.o(i.i2cWrite)
    i.invSqrt                                0x08003b14   Section        0  madgwickahrs.o(i.invSqrt)
    i.main                                   0x08003b40   Section        0  main.o(i.main)
    i.malloc                                 0x08003c10   Section        0  malloc.o(i.malloc)
    i.readMPU                                0x08003c7c   Section        0  mpu.o(i.readMPU)
    .constdata                               0x08003df4   Section       16  system_stm32f4xx.o(.constdata)
    .constdata                               0x08003e04   Section        8  system_stm32f4xx.o(.constdata)
    .data                                    0x20000000   Section        4  system_stm32f4xx.o(.data)
    .data                                    0x20000004   Section       16  usbd_cdc_if.o(.data)
    .data                                    0x20000014   Section       28  usbd_desc.o(.data)
    .data                                    0x20000030   Section       22  usbd_desc.o(.data)
    .data                                    0x20000048   Section       20  madgwickahrs.o(.data)
    .data                                    0x2000005c   Section        1  usbd_ctlreq.o(.data)
    cfgidx                                   0x2000005c   Data           1  usbd_ctlreq.o(.data)
    .data                                    0x20000060   Section      219  usbd_cdc.o(.data)
    ifalt                                    0x20000060   Data           1  usbd_cdc.o(.data)
    USBD_CDC_DeviceQualifierDesc             0x20000064   Data          10  usbd_cdc.o(.data)
    .data                                    0x2000013c   Section       56  usbd_cdc.o(.data)
    .data                                    0x20000174   Section       12  stm32f4xx_hal.o(.data)
    .data                                    0x20000180   Section        4  mvars.o(.data)
    .data                                    0x20000184   Section        4  mvars.o(.data)
    .data                                    0x20000188   Section        4  errno.o(.data)
    _errno                                   0x20000188   Data           4  errno.o(.data)
    .bss                                     0x2000018c   Section      548  usb_device.o(.bss)
    .bss                                     0x200003b0   Section      100  main.o(.bss)
    .bss                                     0x20000414   Section     1008  usbd_conf.o(.bss)
    .bss                                     0x20000804   Section     4096  usbd_cdc_if.o(.bss)
    .bss                                     0x20001804   Section      512  usbd_desc.o(.bss)
    HEAP                                     0x20001a08   Section      512  startup_stm32f407xx.o(HEAP)
    STACK                                    0x20001c08   Section     1024  startup_stm32f407xx.o(STACK)

    Global Symbols

    Symbol Name                              Value     Ov Type        Size  Object(Section)

    BuildAttributes$$THM_ISAv4$E$P$D$K$B$S$7EM$VFPi3$EXTD16$VFPS$VFMA$PE$A:L22UL41UL21$X:L11$S22US41US21$IEEE1$IW$USESV6$~STKCKD$USESV7$~SHL$OTIME$ROPI$IEEEJ$EBA8$MICROLIB$REQ8$PRES8$EABIv2 0x00000000   Number         0  anon$$obj.o ABSOLUTE
    __ARM_use_no_argv                        0x00000000   Number         0  main.o ABSOLUTE
    __cpp_initialize__aeabi_                  - Undefined Weak Reference
    __cxa_finalize                            - Undefined Weak Reference
    _clock_init                               - Undefined Weak Reference
    _microlib_exit                            - Undefined Weak Reference
    __Vectors_Size                           0x00000188   Number         0  startup_stm32f407xx.o ABSOLUTE
    __Vectors                                0x08000000   Data           4  startup_stm32f407xx.o(RESET)
    __Vectors_End                            0x08000188   Data           0  startup_stm32f407xx.o(RESET)
    __main                                   0x08000189   Thumb Code     0  entry.o(.ARM.Collect$$$$00000000)
    _main_stk                                0x08000189   Thumb Code     0  entry2.o(.ARM.Collect$$$$00000001)
    _main_scatterload                        0x0800018d   Thumb Code     0  entry5.o(.ARM.Collect$$$$00000004)
    __main_after_scatterload                 0x08000191   Thumb Code     0  entry5.o(.ARM.Collect$$$$00000004)
    _main_clock                              0x08000191   Thumb Code     0  entry7b.o(.ARM.Collect$$$$00000008)
    _main_cpp_init                           0x08000191   Thumb Code     0  entry8b.o(.ARM.Collect$$$$0000000A)
    _main_init                               0x08000191   Thumb Code     0  entry9a.o(.ARM.Collect$$$$0000000B)
    __rt_final_cpp                           0x08000199   Thumb Code     0  entry10a.o(.ARM.Collect$$$$0000000D)
    __rt_final_exit                          0x08000199   Thumb Code     0  entry11a.o(.ARM.Collect$$$$0000000F)
    Reset_Handler                            0x0800019d   Thumb Code     8  startup_stm32f407xx.o(.text)
    ADC_IRQHandler                           0x080001b7   Thumb Code     0  startup_stm32f407xx.o(.text)
    CAN1_RX0_IRQHandler                      0x080001b7   Thumb Code     0  startup_stm32f407xx.o(.text)
    CAN1_RX1_IRQHandler                      0x080001b7   Thumb Code     0  startup_stm32f407xx.o(.text)
    CAN1_SCE_IRQHandler                      0x080001b7   Thumb Code     0  startup_stm32f407xx.o(.text)
    CAN1_TX_IRQHandler                       0x080001b7   Thumb Code     0  startup_stm32f407xx.o(.text)
    CAN2_RX0_IRQHandler                      0x080001b7   Thumb Code     0  startup_stm32f407xx.o(.text)
    CAN2_RX1_IRQHandler                      0x080001b7   Thumb Code     0  startup_stm32f407xx.o(.text)
    CAN2_SCE_IRQHandler                      0x080001b7   Thumb Code     0  startup_stm32f407xx.o(.text)
    CAN2_TX_IRQHandler                       0x080001b7   Thumb Code     0  startup_stm32f407xx.o(.text)
    DCMI_IRQHandler                          0x080001b7   Thumb Code     0  startup_stm32f407xx.o(.text)
    DMA1_Stream0_IRQHandler                  0x080001b7   Thumb Code     0  startup_stm32f407xx.o(.text)
    DMA1_Stream1_IRQHandler                  0x080001b7   Thumb Code     0  startup_stm32f407xx.o(.text)
    DMA1_Stream2_IRQHandler                  0x080001b7   Thumb Code     0  startup_stm32f407xx.o(.text)
    DMA1_Stream3_IRQHandler                  0x080001b7   Thumb Code     0  startup_stm32f407xx.o(.text)
    DMA1_Stream4_IRQHandler                  0x080001b7   Thumb Code     0  startup_stm32f407xx.o(.text)
    DMA1_Stream5_IRQHandler                  0x080001b7   Thumb Code     0  startup_stm32f407xx.o(.text)
    DMA1_Stream6_IRQHandler                  0x080001b7   Thumb Code     0  startup_stm32f407xx.o(.text)
    DMA1_Stream7_IRQHandler                  0x080001b7   Thumb Code     0  startup_stm32f407xx.o(.text)
    DMA2_Stream0_IRQHandler                  0x080001b7   Thumb Code     0  startup_stm32f407xx.o(.text)
    DMA2_Stream1_IRQHandler                  0x080001b7   Thumb Code     0  startup_stm32f407xx.o(.text)
    DMA2_Stream2_IRQHandler                  0x080001b7   Thumb Code     0  startup_stm32f407xx.o(.text)
    DMA2_Stream3_IRQHandler                  0x080001b7   Thumb Code     0  startup_stm32f407xx.o(.text)
    DMA2_Stream4_IRQHandler                  0x080001b7   Thumb Code     0  startup_stm32f407xx.o(.text)
    DMA2_Stream5_IRQHandler                  0x080001b7   Thumb Code     0  startup_stm32f407xx.o(.text)
    DMA2_Stream6_IRQHandler                  0x080001b7   Thumb Code     0  startup_stm32f407xx.o(.text)
    DMA2_Stream7_IRQHandler                  0x080001b7   Thumb Code     0  startup_stm32f407xx.o(.text)
    ETH_IRQHandler                           0x080001b7   Thumb Code     0  startup_stm32f407xx.o(.text)
    ETH_WKUP_IRQHandler                      0x080001b7   Thumb Code     0  startup_stm32f407xx.o(.text)
    EXTI0_IRQHandler                         0x080001b7   Thumb Code     0  startup_stm32f407xx.o(.text)
    EXTI15_10_IRQHandler                     0x080001b7   Thumb Code     0  startup_stm32f407xx.o(.text)
    EXTI1_IRQHandler                         0x080001b7   Thumb Code     0  startup_stm32f407xx.o(.text)
    EXTI2_IRQHandler                         0x080001b7   Thumb Code     0  startup_stm32f407xx.o(.text)
    EXTI3_IRQHandler                         0x080001b7   Thumb Code     0  startup_stm32f407xx.o(.text)
    EXTI4_IRQHandler                         0x080001b7   Thumb Code     0  startup_stm32f407xx.o(.text)
    EXTI9_5_IRQHandler                       0x080001b7   Thumb Code     0  startup_stm32f407xx.o(.text)
    FLASH_IRQHandler                         0x080001b7   Thumb Code     0  startup_stm32f407xx.o(.text)
    FMC_IRQHandler                           0x080001b7   Thumb Code     0  startup_stm32f407xx.o(.text)
    FPU_IRQHandler                           0x080001b7   Thumb Code     0  startup_stm32f407xx.o(.text)
    HASH_RNG_IRQHandler                      0x080001b7   Thumb Code     0  startup_stm32f407xx.o(.text)
    I2C1_ER_IRQHandler                       0x080001b7   Thumb Code     0  startup_stm32f407xx.o(.text)
    I2C1_EV_IRQHandler                       0x080001b7   Thumb Code     0  startup_stm32f407xx.o(.text)
    I2C2_ER_IRQHandler                       0x080001b7   Thumb Code     0  startup_stm32f407xx.o(.text)
    I2C2_EV_IRQHandler                       0x080001b7   Thumb Code     0  startup_stm32f407xx.o(.text)
    I2C3_ER_IRQHandler                       0x080001b7   Thumb Code     0  startup_stm32f407xx.o(.text)
    I2C3_EV_IRQHandler                       0x080001b7   Thumb Code     0  startup_stm32f407xx.o(.text)
    OTG_FS_WKUP_IRQHandler                   0x080001b7   Thumb Code     0  startup_stm32f407xx.o(.text)
    OTG_HS_EP1_IN_IRQHandler                 0x080001b7   Thumb Code     0  startup_stm32f407xx.o(.text)
    OTG_HS_EP1_OUT_IRQHandler                0x080001b7   Thumb Code     0  startup_stm32f407xx.o(.text)
    OTG_HS_IRQHandler                        0x080001b7   Thumb Code     0  startup_stm32f407xx.o(.text)
    OTG_HS_WKUP_IRQHandler                   0x080001b7   Thumb Code     0  startup_stm32f407xx.o(.text)
    PVD_IRQHandler                           0x080001b7   Thumb Code     0  startup_stm32f407xx.o(.text)
    RCC_IRQHandler                           0x080001b7   Thumb Code     0  startup_stm32f407xx.o(.text)
    RTC_Alarm_IRQHandler                     0x080001b7   Thumb Code     0  startup_stm32f407xx.o(.text)
    RTC_WKUP_IRQHandler                      0x080001b7   Thumb Code     0  startup_stm32f407xx.o(.text)
    SDIO_IRQHandler                          0x080001b7   Thumb Code     0  startup_stm32f407xx.o(.text)
    SPI1_IRQHandler                          0x080001b7   Thumb Code     0  startup_stm32f407xx.o(.text)
    SPI2_IRQHandler                          0x080001b7   Thumb Code     0  startup_stm32f407xx.o(.text)
    SPI3_IRQHandler                          0x080001b7   Thumb Code     0  startup_stm32f407xx.o(.text)
    TAMP_STAMP_IRQHandler                    0x080001b7   Thumb Code     0  startup_stm32f407xx.o(.text)
    TIM1_BRK_TIM9_IRQHandler                 0x080001b7   Thumb Code     0  startup_stm32f407xx.o(.text)
    TIM1_CC_IRQHandler                       0x080001b7   Thumb Code     0  startup_stm32f407xx.o(.text)
    TIM1_TRG_COM_TIM11_IRQHandler            0x080001b7   Thumb Code     0  startup_stm32f407xx.o(.text)
    TIM1_UP_TIM10_IRQHandler                 0x080001b7   Thumb Code     0  startup_stm32f407xx.o(.text)
    TIM2_IRQHandler                          0x080001b7   Thumb Code     0  startup_stm32f407xx.o(.text)
    TIM3_IRQHandler                          0x080001b7   Thumb Code     0  startup_stm32f407xx.o(.text)
    TIM4_IRQHandler                          0x080001b7   Thumb Code     0  startup_stm32f407xx.o(.text)
    TIM5_IRQHandler                          0x080001b7   Thumb Code     0  startup_stm32f407xx.o(.text)
    TIM6_DAC_IRQHandler                      0x080001b7   Thumb Code     0  startup_stm32f407xx.o(.text)
    TIM7_IRQHandler                          0x080001b7   Thumb Code     0  startup_stm32f407xx.o(.text)
    TIM8_BRK_TIM12_IRQHandler                0x080001b7   Thumb Code     0  startup_stm32f407xx.o(.text)
    TIM8_CC_IRQHandler                       0x080001b7   Thumb Code     0  startup_stm32f407xx.o(.text)
    TIM8_TRG_COM_TIM14_IRQHandler            0x080001b7   Thumb Code     0  startup_stm32f407xx.o(.text)
    TIM8_UP_TIM13_IRQHandler                 0x080001b7   Thumb Code     0  startup_stm32f407xx.o(.text)
    UART4_IRQHandler                         0x080001b7   Thumb Code     0  startup_stm32f407xx.o(.text)
    UART5_IRQHandler                         0x080001b7   Thumb Code     0  startup_stm32f407xx.o(.text)
    USART2_IRQHandler                        0x080001b7   Thumb Code     0  startup_stm32f407xx.o(.text)
    USART3_IRQHandler                        0x080001b7   Thumb Code     0  startup_stm32f407xx.o(.text)
    USART6_IRQHandler                        0x080001b7   Thumb Code     0  startup_stm32f407xx.o(.text)
    WWDG_IRQHandler                          0x080001b7   Thumb Code     0  startup_stm32f407xx.o(.text)
    __aeabi_uldivmod                         0x080001c1   Thumb Code    98  uldiv.o(.text)
    __aeabi_memcpy                           0x08000223   Thumb Code    36  memcpya.o(.text)
    __aeabi_memcpy4                          0x08000223   Thumb Code     0  memcpya.o(.text)
    __aeabi_memcpy8                          0x08000223   Thumb Code     0  memcpya.o(.text)
    __aeabi_f2d                              0x08000247   Thumb Code    38  f2d.o(.text)
    __aeabi_d2f                              0x0800026d   Thumb Code    56  d2f.o(.text)
    __aeabi_llsl                             0x080002a5   Thumb Code    30  llshl.o(.text)
    _ll_shift_l                              0x080002a5   Thumb Code     0  llshl.o(.text)
    __aeabi_llsr                             0x080002c3   Thumb Code    32  llushr.o(.text)
    _ll_ushift_r                             0x080002c3   Thumb Code     0  llushr.o(.text)
    __I$use$fp                               0x080002e3   Thumb Code     0  iusefp.o(.text)
    _float_round                             0x080002e3   Thumb Code    18  fepilogue.o(.text)
    _float_epilogue                          0x080002f5   Thumb Code    92  fepilogue.o(.text)
    _dsqrt                                   0x08000351   Thumb Code   162  dsqrt.o(.text)
    __scatterload                            0x080003f5   Thumb Code    28  init.o(.text)
    __scatterload_rt2                        0x080003f5   Thumb Code     0  init.o(.text)
    _double_round                            0x08000419   Thumb Code    30  depilogue.o(.text)
    _double_epilogue                         0x08000437   Thumb Code   156  depilogue.o(.text)
    __decompress                             0x080004d3   Thumb Code     0  __dczerorl2.o(.text)
    __decompress1                            0x080004d3   Thumb Code    86  __dczerorl2.o(.text)
    BusFault_Handler                         0x08000529   Thumb Code     2  stm32f4xx_it.o(i.BusFault_Handler)
    DebugMon_Handler                         0x08000571   Thumb Code     2  stm32f4xx_it.o(i.DebugMon_Handler)
    HAL_Delay                                0x08000575   Thumb Code    32  stm32f4xx_hal.o(i.HAL_Delay)
    HAL_GPIO_Init                            0x08000599   Thumb Code   388  stm32f4xx_hal_gpio.o(i.HAL_GPIO_Init)
    HAL_GetTick                              0x08000749   Thumb Code     6  stm32f4xx_hal.o(i.HAL_GetTick)
    HAL_I2C_Init                             0x08000755   Thumb Code   254  stm32f4xx_hal_i2c.o(i.HAL_I2C_Init)
    HAL_I2C_MspInit                          0x0800085d   Thumb Code    62  stm32f4xx_hal_msp.o(i.HAL_I2C_MspInit)
    HAL_IncTick                              0x080008a9   Thumb Code    12  stm32f4xx_hal.o(i.HAL_IncTick)
    HAL_Init                                 0x080008b9   Thumb Code    48  stm32f4xx_hal.o(i.HAL_Init)
    HAL_InitTick                             0x080008ed   Thumb Code    54  stm32f4xx_hal.o(i.HAL_InitTick)
    HAL_MspInit                              0x0800092d   Thumb Code    88  stm32f4xx_hal_msp.o(i.HAL_MspInit)
    HAL_NVIC_EnableIRQ                       0x08000985   Thumb Code    22  stm32f4xx_hal_cortex.o(i.HAL_NVIC_EnableIRQ)
    HAL_NVIC_SetPriority                     0x0800099d   Thumb Code    60  stm32f4xx_hal_cortex.o(i.HAL_NVIC_SetPriority)
    HAL_NVIC_SetPriorityGrouping             0x080009dd   Thumb Code    26  stm32f4xx_hal_cortex.o(i.HAL_NVIC_SetPriorityGrouping)
    HAL_PCDEx_SetRxFiFo                      0x08000a01   Thumb Code     8  stm32f4xx_hal_pcd_ex.o(i.HAL_PCDEx_SetRxFiFo)
    HAL_PCDEx_SetTxFiFo                      0x08000a09   Thumb Code    68  stm32f4xx_hal_pcd_ex.o(i.HAL_PCDEx_SetTxFiFo)
    HAL_PCD_ConnectCallback                  0x08000a4d   Thumb Code     8  usbd_conf.o(i.HAL_PCD_ConnectCallback)
    HAL_PCD_DataInStageCallback              0x08000a55   Thumb Code    18  usbd_conf.o(i.HAL_PCD_DataInStageCallback)
    HAL_PCD_DataOutStageCallback             0x08000a67   Thumb Code    20  usbd_conf.o(i.HAL_PCD_DataOutStageCallback)
    HAL_PCD_DisconnectCallback               0x08000a7b   Thumb Code     8  usbd_conf.o(i.HAL_PCD_DisconnectCallback)
    HAL_PCD_EP_Close                         0x08000a83   Thumb Code    68  stm32f4xx_hal_pcd.o(i.HAL_PCD_EP_Close)
    HAL_PCD_EP_ClrStall                      0x08000ac7   Thumb Code    80  stm32f4xx_hal_pcd.o(i.HAL_PCD_EP_ClrStall)
    HAL_PCD_EP_GetRxCount                    0x08000b17   Thumb Code    20  stm32f4xx_hal_pcd.o(i.HAL_PCD_EP_GetRxCount)
    HAL_PCD_EP_Open                          0x08000b2b   Thumb Code    84  stm32f4xx_hal_pcd.o(i.HAL_PCD_EP_Open)
    HAL_PCD_EP_Receive                       0x08000b7f   Thumb Code    72  stm32f4xx_hal_pcd.o(i.HAL_PCD_EP_Receive)
    HAL_PCD_EP_SetStall                      0x08000bc7   Thumb Code    96  stm32f4xx_hal_pcd.o(i.HAL_PCD_EP_SetStall)
    HAL_PCD_EP_Transmit                      0x08000c27   Thumb Code    64  stm32f4xx_hal_pcd.o(i.HAL_PCD_EP_Transmit)
    HAL_PCD_IRQHandler                       0x08000c69   Thumb Code  1196  stm32f4xx_hal_pcd.o(i.HAL_PCD_IRQHandler)
    HAL_PCD_ISOINIncompleteCallback          0x0800115d   Thumb Code     8  usbd_conf.o(i.HAL_PCD_ISOINIncompleteCallback)
    HAL_PCD_ISOOUTIncompleteCallback         0x08001165   Thumb Code     8  usbd_conf.o(i.HAL_PCD_ISOOUTIncompleteCallback)
    HAL_PCD_Init                             0x0800116d   Thumb Code   190  stm32f4xx_hal_pcd.o(i.HAL_PCD_Init)
    HAL_PCD_MspInit                          0x0800122d   Thumb Code   112  usbd_conf.o(i.HAL_PCD_MspInit)
    HAL_PCD_ResetCallback                    0x080012a5   Thumb Code    32  usbd_conf.o(i.HAL_PCD_ResetCallback)
    HAL_PCD_ResumeCallback                   0x080012c5   Thumb Code     8  usbd_conf.o(i.HAL_PCD_ResumeCallback)
    HAL_PCD_SOFCallback                      0x080012cd   Thumb Code     8  usbd_conf.o(i.HAL_PCD_SOFCallback)
    HAL_PCD_SetAddress                       0x080012d5   Thumb Code    36  stm32f4xx_hal_pcd.o(i.HAL_PCD_SetAddress)
    HAL_PCD_SetupStageCallback               0x080012f9   Thumb Code    14  usbd_conf.o(i.HAL_PCD_SetupStageCallback)
    HAL_PCD_Start                            0x08001307   Thumb Code    42  stm32f4xx_hal_pcd.o(i.HAL_PCD_Start)
    HAL_PCD_SuspendCallback                  0x08001331   Thumb Code    44  usbd_conf.o(i.HAL_PCD_SuspendCallback)
    HAL_RCC_ClockConfig                      0x08001361   Thumb Code   286  stm32f4xx_hal_rcc.o(i.HAL_RCC_ClockConfig)
    HAL_RCC_GetHCLKFreq                      0x08001491   Thumb Code     6  stm32f4xx_hal_rcc.o(i.HAL_RCC_GetHCLKFreq)
    HAL_RCC_GetPCLK1Freq                     0x0800149d   Thumb Code    20  stm32f4xx_hal_rcc.o(i.HAL_RCC_GetPCLK1Freq)
    HAL_RCC_GetSysClockFreq                  0x080014bd   Thumb Code    88  stm32f4xx_hal_rcc.o(i.HAL_RCC_GetSysClockFreq)
    HAL_RCC_OscConfig                        0x0800151d   Thumb Code   770  stm32f4xx_hal_rcc.o(i.HAL_RCC_OscConfig)
    HAL_SYSTICK_CLKSourceConfig              0x08001839   Thumb Code    24  stm32f4xx_hal_cortex.o(i.HAL_SYSTICK_CLKSourceConfig)
    HAL_SYSTICK_Callback                     0x08001851   Thumb Code     2  stm32f4xx_hal_cortex.o(i.HAL_SYSTICK_Callback)
    HAL_SYSTICK_Config                       0x08001853   Thumb Code    40  stm32f4xx_hal_cortex.o(i.HAL_SYSTICK_Config)
    HAL_SYSTICK_IRQHandler                   0x0800187b   Thumb Code     8  stm32f4xx_hal_cortex.o(i.HAL_SYSTICK_IRQHandler)
    HardFault_Handler                        0x08001883   Thumb Code     2  stm32f4xx_it.o(i.HardFault_Handler)
    MX_USB_DEVICE_Init                       0x080018bd   Thumb Code    38  usb_device.o(i.MX_USB_DEVICE_Init)
    MadgwickAHRSupdate                       0x080018f5   Thumb Code  1454  madgwickahrs.o(i.MadgwickAHRSupdate)
    MadgwickAHRSupdateIMU                    0x08001ea9   Thumb Code   668  madgwickahrs.o(i.MadgwickAHRSupdateIMU)
    MagnetInit                               0x0800214d   Thumb Code   134  mpu.o(i.MagnetInit)
    MemManage_Handler                        0x080021d3   Thumb Code     2  stm32f4xx_it.o(i.MemManage_Handler)
    NMI_Handler                              0x080021d5   Thumb Code     2  stm32f4xx_it.o(i.NMI_Handler)
    OTG_FS_IRQHandler                        0x080021f9   Thumb Code     6  stm32f4xx_it.o(i.OTG_FS_IRQHandler)
    PendSV_Handler                           0x0800228d   Thumb Code     2  stm32f4xx_it.o(i.PendSV_Handler)
    SVC_Handler                              0x0800228f   Thumb Code     2  stm32f4xx_it.o(i.SVC_Handler)
    SysTick_Handler                          0x08002291   Thumb Code    14  stm32f4xx_it.o(i.SysTick_Handler)
    SystemClock_Config                       0x080022a1   Thumb Code   148  main.o(i.SystemClock_Config)
    SystemInit                               0x0800233d   Thumb Code    66  system_stm32f4xx.o(i.SystemInit)
    USART1_IRQHandler                        0x08002391   Thumb Code   112  uart.o(i.USART1_IRQHandler)
    USART1_Init                              0x08002409   Thumb Code    78  uart.o(i.USART1_Init)
    USART1_Send                              0x08002469   Thumb Code    12  uart.o(i.USART1_Send)
    USART1_Send_String                       0x08002479   Thumb Code    26  uart.o(i.USART1_Send_String)
    USBD_CDC_GetDeviceQualifierDescriptor    0x08002535   Thumb Code     8  usbd_cdc.o(i.USBD_CDC_GetDeviceQualifierDescriptor)
    USBD_CDC_ReceivePacket                   0x080025ed   Thumb Code    40  usbd_cdc.o(i.USBD_CDC_ReceivePacket)
    USBD_CDC_RegisterInterface               0x08002615   Thumb Code    16  usbd_cdc.o(i.USBD_CDC_RegisterInterface)
    USBD_CDC_SetRxBuffer                     0x08002625   Thumb Code    12  usbd_cdc.o(i.USBD_CDC_SetRxBuffer)
    USBD_CDC_SetTxBuffer                     0x08002631   Thumb Code    16  usbd_cdc.o(i.USBD_CDC_SetTxBuffer)
    USBD_ClrClassConfig                      0x080026b1   Thumb Code    14  usbd_core.o(i.USBD_ClrClassConfig)
    USBD_CtlContinueRx                       0x080026bf   Thumb Code    16  usbd_ioreq.o(i.USBD_CtlContinueRx)
    USBD_CtlContinueSendData                 0x080026cf   Thumb Code    16  usbd_ioreq.o(i.USBD_CtlContinueSendData)
    USBD_CtlError                            0x080026df   Thumb Code    22  usbd_ctlreq.o(i.USBD_CtlError)
    USBD_CtlPrepareRx                        0x080026f5   Thumb Code    30  usbd_ioreq.o(i.USBD_CtlPrepareRx)
    USBD_CtlReceiveStatus                    0x08002713   Thumb Code    22  usbd_ioreq.o(i.USBD_CtlReceiveStatus)
    USBD_CtlSendData                         0x08002729   Thumb Code    26  usbd_ioreq.o(i.USBD_CtlSendData)
    USBD_CtlSendStatus                       0x08002743   Thumb Code    22  usbd_ioreq.o(i.USBD_CtlSendStatus)
    USBD_FS_ConfigStrDescriptor              0x08002759   Thumb Code    16  usbd_desc.o(i.USBD_FS_ConfigStrDescriptor)
    USBD_FS_DeviceDescriptor                 0x08002779   Thumb Code     8  usbd_desc.o(i.USBD_FS_DeviceDescriptor)
    USBD_FS_InterfaceStrDescriptor           0x08002785   Thumb Code    16  usbd_desc.o(i.USBD_FS_InterfaceStrDescriptor)
    USBD_FS_LangIDStrDescriptor              0x080027a9   Thumb Code     8  usbd_desc.o(i.USBD_FS_LangIDStrDescriptor)
    USBD_FS_ManufacturerStrDescriptor        0x080027b5   Thumb Code    16  usbd_desc.o(i.USBD_FS_ManufacturerStrDescriptor)
    USBD_FS_ProductStrDescriptor             0x080027dd   Thumb Code    16  usbd_desc.o(i.USBD_FS_ProductStrDescriptor)
    USBD_FS_SerialStrDescriptor              0x080027fd   Thumb Code    16  usbd_desc.o(i.USBD_FS_SerialStrDescriptor)
    USBD_GetString                           0x08002901   Thumb Code    70  usbd_ctlreq.o(i.USBD_GetString)
    USBD_Init                                0x08002947   Thumb Code    42  usbd_core.o(i.USBD_Init)
    USBD_LL_ClearStallEP                     0x08002971   Thumb Code    32  usbd_conf.o(i.USBD_LL_ClearStallEP)
    USBD_LL_CloseEP                          0x08002991   Thumb Code    32  usbd_conf.o(i.USBD_LL_CloseEP)
    USBD_LL_DataInStage                      0x080029b1   Thumb Code   170  usbd_core.o(i.USBD_LL_DataInStage)
    USBD_LL_DataOutStage                     0x08002a5b   Thumb Code   106  usbd_core.o(i.USBD_LL_DataOutStage)
    USBD_LL_DevConnected                     0x08002ac5   Thumb Code     4  usbd_core.o(i.USBD_LL_DevConnected)
    USBD_LL_DevDisconnected                  0x08002ac9   Thumb Code    22  usbd_core.o(i.USBD_LL_DevDisconnected)
    USBD_LL_GetRxDataSize                    0x08002adf   Thumb Code     8  usbd_conf.o(i.USBD_LL_GetRxDataSize)
    USBD_LL_Init                             0x08002ae9   Thumb Code   100  usbd_conf.o(i.USBD_LL_Init)
    USBD_LL_IsStallEP                        0x08002b65   Thumb Code    32  usbd_conf.o(i.USBD_LL_IsStallEP)
    USBD_LL_IsoINIncomplete                  0x08002b85   Thumb Code     4  usbd_core.o(i.USBD_LL_IsoINIncomplete)
    USBD_LL_IsoOUTIncomplete                 0x08002b89   Thumb Code     4  usbd_core.o(i.USBD_LL_IsoOUTIncomplete)
    USBD_LL_OpenEP                           0x08002b8d   Thumb Code    38  usbd_conf.o(i.USBD_LL_OpenEP)
    USBD_LL_PrepareReceive                   0x08002bb3   Thumb Code    32  usbd_conf.o(i.USBD_LL_PrepareReceive)
    USBD_LL_Reset                            0x08002bd3   Thumb Code    62  usbd_core.o(i.USBD_LL_Reset)
    USBD_LL_Resume                           0x08002c11   Thumb Code    12  usbd_core.o(i.USBD_LL_Resume)
    USBD_LL_SOF                              0x08002c1d   Thumb Code    24  usbd_core.o(i.USBD_LL_SOF)
    USBD_LL_SetSpeed                         0x08002c35   Thumb Code     6  usbd_core.o(i.USBD_LL_SetSpeed)
    USBD_LL_SetUSBAddress                    0x08002c3b   Thumb Code    32  usbd_conf.o(i.USBD_LL_SetUSBAddress)
    USBD_LL_SetupStage                       0x08002c5b   Thumb Code    90  usbd_core.o(i.USBD_LL_SetupStage)
    USBD_LL_StallEP                          0x08002cb5   Thumb Code    32  usbd_conf.o(i.USBD_LL_StallEP)
    USBD_LL_Start                            0x08002cd5   Thumb Code    32  usbd_conf.o(i.USBD_LL_Start)
    USBD_LL_Suspend                          0x08002cf5   Thumb Code    18  usbd_core.o(i.USBD_LL_Suspend)
    USBD_LL_Transmit                         0x08002d07   Thumb Code    32  usbd_conf.o(i.USBD_LL_Transmit)
    USBD_ParseSetupRequest                   0x08002d27   Thumb Code    40  usbd_ctlreq.o(i.USBD_ParseSetupRequest)
    USBD_RegisterClass                       0x08002d4f   Thumb Code    16  usbd_core.o(i.USBD_RegisterClass)
    USBD_SetClassConfig                      0x08002d5f   Thumb Code    22  usbd_core.o(i.USBD_SetClassConfig)
    USBD_Start                               0x08002de9   Thumb Code    10  usbd_core.o(i.USBD_Start)
    USBD_StdDevReq                           0x08002df3   Thumb Code   242  usbd_ctlreq.o(i.USBD_StdDevReq)
    USBD_StdEPReq                            0x08002ee5   Thumb Code   220  usbd_ctlreq.o(i.USBD_StdEPReq)
    USBD_StdItfReq                           0x08002fc1   Thumb Code    52  usbd_ctlreq.o(i.USBD_StdItfReq)
    USB_ActivateEndpoint                     0x08002ff5   Thumb Code   122  stm32f4xx_ll_usb.o(i.USB_ActivateEndpoint)
    USB_ActivateSetup                        0x08003075   Thumb Code    52  stm32f4xx_ll_usb.o(i.USB_ActivateSetup)
    USB_CoreInit                             0x080030a9   Thumb Code   104  stm32f4xx_ll_usb.o(i.USB_CoreInit)
    USB_DeactivateEndpoint                   0x0800314d   Thumb Code   196  stm32f4xx_ll_usb.o(i.USB_DeactivateEndpoint)
    USB_DevConnect                           0x08003215   Thumb Code    24  stm32f4xx_ll_usb.o(i.USB_DevConnect)
    USB_DevDisconnect                        0x0800322d   Thumb Code    24  stm32f4xx_ll_usb.o(i.USB_DevDisconnect)
    USB_DevInit                              0x08003245   Thumb Code   302  stm32f4xx_ll_usb.o(i.USB_DevInit)
    USB_DisableGlobalInt                     0x08003385   Thumb Code    12  stm32f4xx_ll_usb.o(i.USB_DisableGlobalInt)
    USB_EP0StartXfer                         0x08003391   Thumb Code   316  stm32f4xx_ll_usb.o(i.USB_EP0StartXfer)
    USB_EP0_OutStart                         0x080034d1   Thumb Code    62  stm32f4xx_ll_usb.o(i.USB_EP0_OutStart)
    USB_EPClearStall                         0x0800350f   Thumb Code   100  stm32f4xx_ll_usb.o(i.USB_EPClearStall)
    USB_EPSetStall                           0x08003573   Thumb Code    94  stm32f4xx_ll_usb.o(i.USB_EPSetStall)
    USB_EPStartXfer                          0x080035d1   Thumb Code   534  stm32f4xx_ll_usb.o(i.USB_EPStartXfer)
    USB_EnableGlobalInt                      0x080037ed   Thumb Code    12  stm32f4xx_ll_usb.o(i.USB_EnableGlobalInt)
    USB_FlushRxFifo                          0x080037f9   Thumb Code    28  stm32f4xx_ll_usb.o(i.USB_FlushRxFifo)
    USB_FlushTxFifo                          0x08003819   Thumb Code    32  stm32f4xx_ll_usb.o(i.USB_FlushTxFifo)
    USB_GetDevSpeed                          0x0800383d   Thumb Code    60  stm32f4xx_ll_usb.o(i.USB_GetDevSpeed)
    USB_GetMode                              0x08003879   Thumb Code     8  stm32f4xx_ll_usb.o(i.USB_GetMode)
    USB_ReadDevAllInEpInterrupt              0x08003881   Thumb Code    14  stm32f4xx_ll_usb.o(i.USB_ReadDevAllInEpInterrupt)
    USB_ReadDevAllOutEpInterrupt             0x0800388f   Thumb Code    14  stm32f4xx_ll_usb.o(i.USB_ReadDevAllOutEpInterrupt)
    USB_ReadDevInEPInterrupt                 0x0800389d   Thumb Code    30  stm32f4xx_ll_usb.o(i.USB_ReadDevInEPInterrupt)
    USB_ReadDevOutEPInterrupt                0x080038bb   Thumb Code    16  stm32f4xx_ll_usb.o(i.USB_ReadDevOutEPInterrupt)
    USB_ReadInterrupts                       0x080038cb   Thumb Code     8  stm32f4xx_ll_usb.o(i.USB_ReadInterrupts)
    USB_ReadPacket                           0x080038d3   Thumb Code    32  stm32f4xx_ll_usb.o(i.USB_ReadPacket)
    USB_SetCurrentMode                       0x080038f3   Thumb Code    44  stm32f4xx_ll_usb.o(i.USB_SetCurrentMode)
    USB_SetDevAddress                        0x0800391f   Thumb Code    34  stm32f4xx_ll_usb.o(i.USB_SetDevAddress)
    USB_WritePacket                          0x08003941   Thumb Code    40  stm32f4xx_ll_usb.o(i.USB_WritePacket)
    UsageFault_Handler                       0x08003969   Thumb Code     2  stm32f4xx_it.o(i.UsageFault_Handler)
    _Error_Handler                           0x0800396b   Thumb Code     2  main.o(i._Error_Handler)
    __hardfp_sqrt                            0x0800396d   Thumb Code   122  sqrt.o(i.__hardfp_sqrt)
    __scatterload_copy                       0x080039e7   Thumb Code    14  handlers.o(i.__scatterload_copy)
    __scatterload_null                       0x080039f5   Thumb Code     2  handlers.o(i.__scatterload_null)
    __scatterload_zeroinit                   0x080039f7   Thumb Code    14  handlers.o(i.__scatterload_zeroinit)
    __set_errno                              0x08003a05   Thumb Code     6  errno.o(i.__set_errno)
    free                                     0x08003a11   Thumb Code    76  malloc.o(i.free)
    i2cRead                                  0x08003a61   Thumb Code    72  mpu.o(i.i2cRead)
    i2cStart                                 0x08003aad   Thumb Code    22  mpu.o(i.i2cStart)
    i2cStop                                  0x08003ac9   Thumb Code    12  mpu.o(i.i2cStop)
    i2cWrite                                 0x08003ad9   Thumb Code    56  mpu.o(i.i2cWrite)
    invSqrt                                  0x08003b15   Thumb Code    40  madgwickahrs.o(i.invSqrt)
    main                                     0x08003b41   Thumb Code   178  main.o(i.main)
    malloc                                   0x08003c11   Thumb Code    92  malloc.o(i.malloc)
    readMPU                                  0x08003c7d   Thumb Code   368  mpu.o(i.readMPU)
    AHBPrescTable                            0x08003df4   Data          16  system_stm32f4xx.o(.constdata)
    APBPrescTable                            0x08003e04   Data           8  system_stm32f4xx.o(.constdata)
    Region$$Table$$Base                      0x08003e0c   Number         0  anon$$obj.o(Region$$Table)
    Region$$Table$$Limit                     0x08003e2c   Number         0  anon$$obj.o(Region$$Table)
    SystemCoreClock                          0x20000000   Data           4  system_stm32f4xx.o(.data)
    USBD_Interface_fops_FS                   0x20000004   Data          16  usbd_cdc_if.o(.data)
    FS_Desc                                  0x20000014   Data          28  usbd_desc.o(.data)
    USBD_LangIDDesc                          0x20000030   Data           4  usbd_desc.o(.data)
    USBD_FS_DeviceDesc                       0x20000034   Data          18  usbd_desc.o(.data)
    beta                                     0x20000048   Data           4  madgwickahrs.o(.data)
    q0                                       0x2000004c   Data           4  madgwickahrs.o(.data)
    q1                                       0x20000050   Data           4  madgwickahrs.o(.data)
    q2                                       0x20000054   Data           4  madgwickahrs.o(.data)
    q3                                       0x20000058   Data           4  madgwickahrs.o(.data)
    USBD_CDC_CfgHSDesc                       0x20000070   Data          67  usbd_cdc.o(.data)
    USBD_CDC_CfgFSDesc                       0x200000b4   Data          67  usbd_cdc.o(.data)
    USBD_CDC_OtherSpeedCfgDesc               0x200000f8   Data          67  usbd_cdc.o(.data)
    USBD_CDC                                 0x2000013c   Data          56  usbd_cdc.o(.data)
    uwTickFreq                               0x20000174   Data           1  stm32f4xx_hal.o(.data)
    uwTickPrio                               0x20000178   Data           4  stm32f4xx_hal.o(.data)
    uwTick                                   0x2000017c   Data           4  stm32f4xx_hal.o(.data)
    __microlib_freelist                      0x20000180   Data           4  mvars.o(.data)
    __microlib_freelist_initialised          0x20000184   Data           4  mvars.o(.data)
    hUsbDeviceFS                             0x2000018c   Data         548  usb_device.o(.bss)
    hi2c1                                    0x200003b0   Data          84  main.o(.bss)
    buffer                                   0x20000404   Data          16  main.o(.bss)
    hpcd_USB_OTG_FS                          0x20000414   Data        1008  usbd_conf.o(.bss)
    UserRxBufferFS                           0x20000804   Data        2048  usbd_cdc_if.o(.bss)
    UserTxBufferFS                           0x20001004   Data        2048  usbd_cdc_if.o(.bss)
    USBD_StrDesc                             0x20001804   Data         512  usbd_desc.o(.bss)
    __heap_base                              0x20001a08   Data           0  startup_stm32f407xx.o(HEAP)
    __heap_limit                             0x20001c08   Data           0  startup_stm32f407xx.o(HEAP)
    __initial_sp                             0x20002008   Data           0  startup_stm32f407xx.o(STACK)



==============================================================================

Memory Map of the image

  Image Entry point : 0x08000189

  Load Region LR_IROM1 (Base: 0x08000000, Size: 0x00003fb8, Max: 0x00100000, ABSOLUTE, COMPRESSED[0x00003ef4])

    Execution Region ER_IROM1 (Exec base: 0x08000000, Load base: 0x08000000, Size: 0x00003e2c, Max: 0x00100000, ABSOLUTE)

    Exec Addr    Load Addr    Size         Type   Attr      Idx    E Section Name        Object

    0x08000000   0x08000000   0x00000188   Data   RO            3    RESET               startup_stm32f407xx.o
    0x08000188   0x08000188   0x00000000   Code   RO         3256  * .ARM.Collect$$$$00000000  mc_w.l(entry.o)
    0x08000188   0x08000188   0x00000004   Code   RO         3297    .ARM.Collect$$$$00000001  mc_w.l(entry2.o)
    0x0800018c   0x0800018c   0x00000004   Code   RO         3300    .ARM.Collect$$$$00000004  mc_w.l(entry5.o)
    0x08000190   0x08000190   0x00000000   Code   RO         3302    .ARM.Collect$$$$00000008  mc_w.l(entry7b.o)
    0x08000190   0x08000190   0x00000000   Code   RO         3304    .ARM.Collect$$$$0000000A  mc_w.l(entry8b.o)
    0x08000190   0x08000190   0x00000008   Code   RO         3305    .ARM.Collect$$$$0000000B  mc_w.l(entry9a.o)
    0x08000198   0x08000198   0x00000000   Code   RO         3307    .ARM.Collect$$$$0000000D  mc_w.l(entry10a.o)
    0x08000198   0x08000198   0x00000000   Code   RO         3309    .ARM.Collect$$$$0000000F  mc_w.l(entry11a.o)
    0x08000198   0x08000198   0x00000004   Code   RO         3298    .ARM.Collect$$$$00002712  mc_w.l(entry2.o)
    0x0800019c   0x0800019c   0x00000024   Code   RO            4    .text               startup_stm32f407xx.o
    0x080001c0   0x080001c0   0x00000062   Code   RO         3259    .text               mc_w.l(uldiv.o)
    0x08000222   0x08000222   0x00000024   Code   RO         3261    .text               mc_w.l(memcpya.o)
    0x08000246   0x08000246   0x00000026   Code   RO         3293    .text               mf_w.l(f2d.o)
    0x0800026c   0x0800026c   0x00000038   Code   RO         3295    .text               mf_w.l(d2f.o)
    0x080002a4   0x080002a4   0x0000001e   Code   RO         3311    .text               mc_w.l(llshl.o)
    0x080002c2   0x080002c2   0x00000020   Code   RO         3313    .text               mc_w.l(llushr.o)
    0x080002e2   0x080002e2   0x00000000   Code   RO         3324    .text               mc_w.l(iusefp.o)
    0x080002e2   0x080002e2   0x0000006e   Code   RO         3325    .text               mf_w.l(fepilogue.o)
    0x08000350   0x08000350   0x000000a2   Code   RO         3327    .text               mf_w.l(dsqrt.o)
    0x080003f2   0x080003f2   0x00000002   PAD
    0x080003f4   0x080003f4   0x00000024   Code   RO         3331    .text               mc_w.l(init.o)
    0x08000418   0x08000418   0x000000ba   Code   RO         3333    .text               mf_w.l(depilogue.o)
    0x080004d2   0x080004d2   0x00000056   Code   RO         3343    .text               mc_w.l(__dczerorl2.o)
    0x08000528   0x08000528   0x00000002   Code   RO          275    i.BusFault_Handler  stm32f4xx_it.o
    0x0800052a   0x0800052a   0x00000004   Code   RO          546    i.CDC_Control_FS    usbd_cdc_if.o
    0x0800052e   0x0800052e   0x00000004   Code   RO          547    i.CDC_DeInit_FS     usbd_cdc_if.o
    0x08000532   0x08000532   0x00000002   PAD
    0x08000534   0x08000534   0x00000024   Code   RO          548    i.CDC_Init_FS       usbd_cdc_if.o
    0x08000558   0x08000558   0x00000018   Code   RO          549    i.CDC_Receive_FS    usbd_cdc_if.o
    0x08000570   0x08000570   0x00000002   Code   RO          276    i.DebugMon_Handler  stm32f4xx_it.o
    0x08000572   0x08000572   0x00000002   PAD
    0x08000574   0x08000574   0x00000024   Code   RO         1349    i.HAL_Delay         stm32f4xx_hal.o
    0x08000598   0x08000598   0x000001b0   Code   RO         2821    i.HAL_GPIO_Init     stm32f4xx_hal_gpio.o
    0x08000748   0x08000748   0x0000000c   Code   RO         1355    i.HAL_GetTick       stm32f4xx_hal.o
    0x08000754   0x08000754   0x00000108   Code   RO         2377    i.HAL_I2C_Init      stm32f4xx_hal_i2c.o
    0x0800085c   0x0800085c   0x0000004c   Code   RO          599    i.HAL_I2C_MspInit   stm32f4xx_hal_msp.o
    0x080008a8   0x080008a8   0x00000010   Code   RO         1359    i.HAL_IncTick       stm32f4xx_hal.o
    0x080008b8   0x080008b8   0x00000034   Code   RO         1360    i.HAL_Init          stm32f4xx_hal.o
    0x080008ec   0x080008ec   0x00000040   Code   RO         1361    i.HAL_InitTick      stm32f4xx_hal.o
    0x0800092c   0x0800092c   0x00000058   Code   RO          600    i.HAL_MspInit       stm32f4xx_hal_msp.o
    0x08000984   0x08000984   0x00000016   Code   RO         1660    i.HAL_NVIC_EnableIRQ  stm32f4xx_hal_cortex.o
    0x0800099a   0x0800099a   0x00000002   PAD
    0x0800099c   0x0800099c   0x00000040   Code   RO         1666    i.HAL_NVIC_SetPriority  stm32f4xx_hal_cortex.o
    0x080009dc   0x080009dc   0x00000024   Code   RO         1667    i.HAL_NVIC_SetPriorityGrouping  stm32f4xx_hal_cortex.o
    0x08000a00   0x08000a00   0x00000008   Code   RO         3002    i.HAL_PCDEx_SetRxFiFo  stm32f4xx_hal_pcd_ex.o
    0x08000a08   0x08000a08   0x00000044   Code   RO         3003    i.HAL_PCDEx_SetTxFiFo  stm32f4xx_hal_pcd_ex.o
    0x08000a4c   0x08000a4c   0x00000008   Code   RO          357    i.HAL_PCD_ConnectCallback  usbd_conf.o
    0x08000a54   0x08000a54   0x00000012   Code   RO          358    i.HAL_PCD_DataInStageCallback  usbd_conf.o
    0x08000a66   0x08000a66   0x00000014   Code   RO          359    i.HAL_PCD_DataOutStageCallback  usbd_conf.o
    0x08000a7a   0x08000a7a   0x00000008   Code   RO          360    i.HAL_PCD_DisconnectCallback  usbd_conf.o
    0x08000a82   0x08000a82   0x00000044   Code   RO         2142    i.HAL_PCD_EP_Close  stm32f4xx_hal_pcd.o
    0x08000ac6   0x08000ac6   0x00000050   Code   RO         2143    i.HAL_PCD_EP_ClrStall  stm32f4xx_hal_pcd.o
    0x08000b16   0x08000b16   0x00000014   Code   RO         2145    i.HAL_PCD_EP_GetRxCount  stm32f4xx_hal_pcd.o
    0x08000b2a   0x08000b2a   0x00000054   Code   RO         2146    i.HAL_PCD_EP_Open   stm32f4xx_hal_pcd.o
    0x08000b7e   0x08000b7e   0x00000048   Code   RO         2147    i.HAL_PCD_EP_Receive  stm32f4xx_hal_pcd.o
    0x08000bc6   0x08000bc6   0x00000060   Code   RO         2148    i.HAL_PCD_EP_SetStall  stm32f4xx_hal_pcd.o
    0x08000c26   0x08000c26   0x00000040   Code   RO         2149    i.HAL_PCD_EP_Transmit  stm32f4xx_hal_pcd.o
    0x08000c66   0x08000c66   0x00000002   PAD
    0x08000c68   0x08000c68   0x000004f4   Code   RO         2151    i.HAL_PCD_IRQHandler  stm32f4xx_hal_pcd.o
    0x0800115c   0x0800115c   0x00000008   Code   RO          361    i.HAL_PCD_ISOINIncompleteCallback  usbd_conf.o
    0x08001164   0x08001164   0x00000008   Code   RO          362    i.HAL_PCD_ISOOUTIncompleteCallback  usbd_conf.o
    0x0800116c   0x0800116c   0x000000be   Code   RO         2154    i.HAL_PCD_Init      stm32f4xx_hal_pcd.o
    0x0800122a   0x0800122a   0x00000002   PAD
    0x0800122c   0x0800122c   0x00000078   Code   RO          364    i.HAL_PCD_MspInit   usbd_conf.o
    0x080012a4   0x080012a4   0x00000020   Code   RO          365    i.HAL_PCD_ResetCallback  usbd_conf.o
    0x080012c4   0x080012c4   0x00000008   Code   RO          366    i.HAL_PCD_ResumeCallback  usbd_conf.o
    0x080012cc   0x080012cc   0x00000008   Code   RO          367    i.HAL_PCD_SOFCallback  usbd_conf.o
    0x080012d4   0x080012d4   0x00000024   Code   RO         2160    i.HAL_PCD_SetAddress  stm32f4xx_hal_pcd.o
    0x080012f8   0x080012f8   0x0000000e   Code   RO          368    i.HAL_PCD_SetupStageCallback  usbd_conf.o
    0x08001306   0x08001306   0x0000002a   Code   RO         2162    i.HAL_PCD_Start     stm32f4xx_hal_pcd.o
    0x08001330   0x08001330   0x00000030   Code   RO          369    i.HAL_PCD_SuspendCallback  usbd_conf.o
    0x08001360   0x08001360   0x00000130   Code   RO         1241    i.HAL_RCC_ClockConfig  stm32f4xx_hal_rcc.o
    0x08001490   0x08001490   0x0000000c   Code   RO         1246    i.HAL_RCC_GetHCLKFreq  stm32f4xx_hal_rcc.o
    0x0800149c   0x0800149c   0x00000020   Code   RO         1248    i.HAL_RCC_GetPCLK1Freq  stm32f4xx_hal_rcc.o
    0x080014bc   0x080014bc   0x00000060   Code   RO         1250    i.HAL_RCC_GetSysClockFreq  stm32f4xx_hal_rcc.o
    0x0800151c   0x0800151c   0x0000031c   Code   RO         1253    i.HAL_RCC_OscConfig  stm32f4xx_hal_rcc.o
    0x08001838   0x08001838   0x00000018   Code   RO         1669    i.HAL_SYSTICK_CLKSourceConfig  stm32f4xx_hal_cortex.o
    0x08001850   0x08001850   0x00000002   Code   RO         1670    i.HAL_SYSTICK_Callback  stm32f4xx_hal_cortex.o
    0x08001852   0x08001852   0x00000028   Code   RO         1671    i.HAL_SYSTICK_Config  stm32f4xx_hal_cortex.o
    0x0800187a   0x0800187a   0x00000008   Code   RO         1672    i.HAL_SYSTICK_IRQHandler  stm32f4xx_hal_cortex.o
    0x08001882   0x08001882   0x00000002   Code   RO          277    i.HardFault_Handler  stm32f4xx_it.o
    0x08001884   0x08001884   0x00000038   Code   RO          214    i.MX_I2C1_Init      main.o
    0x080018bc   0x080018bc   0x00000038   Code   RO          147    i.MX_USB_DEVICE_Init  usb_device.o
    0x080018f4   0x080018f4   0x000005b4   Code   RO          767    i.MadgwickAHRSupdate  madgwickahrs.o
    0x08001ea8   0x08001ea8   0x000002a4   Code   RO          768    i.MadgwickAHRSupdateIMU  madgwickahrs.o
    0x0800214c   0x0800214c   0x00000086   Code   RO          702    i.MagnetInit        mpu.o
    0x080021d2   0x080021d2   0x00000002   Code   RO          278    i.MemManage_Handler  stm32f4xx_it.o
    0x080021d4   0x080021d4   0x00000002   Code   RO          279    i.NMI_Handler       stm32f4xx_it.o
    0x080021d6   0x080021d6   0x00000020   Code   RO         1673    i.NVIC_SetPriority  stm32f4xx_hal_cortex.o
    0x080021f6   0x080021f6   0x00000002   PAD
    0x080021f8   0x080021f8   0x0000000c   Code   RO          280    i.OTG_FS_IRQHandler  stm32f4xx_it.o
    0x08002204   0x08002204   0x00000088   Code   RO         2165    i.PCD_WriteEmptyTxFifo  stm32f4xx_hal_pcd.o
    0x0800228c   0x0800228c   0x00000002   Code   RO          281    i.PendSV_Handler    stm32f4xx_it.o
    0x0800228e   0x0800228e   0x00000002   Code   RO          282    i.SVC_Handler       stm32f4xx_it.o
    0x08002290   0x08002290   0x0000000e   Code   RO          283    i.SysTick_Handler   stm32f4xx_it.o
    0x0800229e   0x0800229e   0x00000002   PAD
    0x080022a0   0x080022a0   0x0000009c   Code   RO          215    i.SystemClock_Config  main.o
    0x0800233c   0x0800233c   0x00000054   Code   RO           14    i.SystemInit        system_stm32f4xx.o
    0x08002390   0x08002390   0x00000078   Code   RO          804    i.USART1_IRQHandler  uart.o
    0x08002408   0x08002408   0x00000060   Code   RO          805    i.USART1_Init       uart.o
    0x08002468   0x08002468   0x00000010   Code   RO          806    i.USART1_Send       uart.o
    0x08002478   0x08002478   0x0000001a   Code   RO          807    i.USART1_Send_String  uart.o
    0x08002492   0x08002492   0x00000014   Code   RO         1116    i.USBD_CDC_DataIn   usbd_cdc.o
    0x080024a6   0x080024a6   0x0000002e   Code   RO         1117    i.USBD_CDC_DataOut  usbd_cdc.o
    0x080024d4   0x080024d4   0x0000003c   Code   RO         1118    i.USBD_CDC_DeInit   usbd_cdc.o
    0x08002510   0x08002510   0x00000024   Code   RO         1119    i.USBD_CDC_EP0_RxReady  usbd_cdc.o
    0x08002534   0x08002534   0x0000000c   Code   RO         1120    i.USBD_CDC_GetDeviceQualifierDescriptor  usbd_cdc.o
    0x08002540   0x08002540   0x0000000c   Code   RO         1121    i.USBD_CDC_GetFSCfgDesc  usbd_cdc.o
    0x0800254c   0x0800254c   0x0000000c   Code   RO         1122    i.USBD_CDC_GetHSCfgDesc  usbd_cdc.o
    0x08002558   0x08002558   0x0000000c   Code   RO         1123    i.USBD_CDC_GetOtherSpeedCfgDesc  usbd_cdc.o
    0x08002564   0x08002564   0x00000088   Code   RO         1124    i.USBD_CDC_Init     usbd_cdc.o
    0x080025ec   0x080025ec   0x00000028   Code   RO         1125    i.USBD_CDC_ReceivePacket  usbd_cdc.o
    0x08002614   0x08002614   0x00000010   Code   RO         1126    i.USBD_CDC_RegisterInterface  usbd_cdc.o
    0x08002624   0x08002624   0x0000000c   Code   RO         1127    i.USBD_CDC_SetRxBuffer  usbd_cdc.o
    0x08002630   0x08002630   0x00000010   Code   RO         1128    i.USBD_CDC_SetTxBuffer  usbd_cdc.o
    0x08002640   0x08002640   0x00000070   Code   RO         1129    i.USBD_CDC_Setup    usbd_cdc.o
    0x080026b0   0x080026b0   0x0000000e   Code   RO          978    i.USBD_ClrClassConfig  usbd_core.o
    0x080026be   0x080026be   0x00000010   Code   RO          853    i.USBD_CtlContinueRx  usbd_ioreq.o
    0x080026ce   0x080026ce   0x00000010   Code   RO          854    i.USBD_CtlContinueSendData  usbd_ioreq.o
    0x080026de   0x080026de   0x00000016   Code   RO          913    i.USBD_CtlError     usbd_ctlreq.o
    0x080026f4   0x080026f4   0x0000001e   Code   RO          855    i.USBD_CtlPrepareRx  usbd_ioreq.o
    0x08002712   0x08002712   0x00000016   Code   RO          856    i.USBD_CtlReceiveStatus  usbd_ioreq.o
    0x08002728   0x08002728   0x0000001a   Code   RO          857    i.USBD_CtlSendData  usbd_ioreq.o
    0x08002742   0x08002742   0x00000016   Code   RO          858    i.USBD_CtlSendStatus  usbd_ioreq.o
    0x08002758   0x08002758   0x00000020   Code   RO          634    i.USBD_FS_ConfigStrDescriptor  usbd_desc.o
    0x08002778   0x08002778   0x0000000c   Code   RO          635    i.USBD_FS_DeviceDescriptor  usbd_desc.o
    0x08002784   0x08002784   0x00000024   Code   RO          636    i.USBD_FS_InterfaceStrDescriptor  usbd_desc.o
    0x080027a8   0x080027a8   0x0000000c   Code   RO          637    i.USBD_FS_LangIDStrDescriptor  usbd_desc.o
    0x080027b4   0x080027b4   0x00000028   Code   RO          638    i.USBD_FS_ManufacturerStrDescriptor  usbd_desc.o
    0x080027dc   0x080027dc   0x00000020   Code   RO          639    i.USBD_FS_ProductStrDescriptor  usbd_desc.o
    0x080027fc   0x080027fc   0x00000024   Code   RO          640    i.USBD_FS_SerialStrDescriptor  usbd_desc.o
    0x08002820   0x08002820   0x000000e0   Code   RO          914    i.USBD_GetDescriptor  usbd_ctlreq.o
    0x08002900   0x08002900   0x00000046   Code   RO          915    i.USBD_GetString    usbd_ctlreq.o
    0x08002946   0x08002946   0x0000002a   Code   RO          980    i.USBD_Init         usbd_core.o
    0x08002970   0x08002970   0x00000020   Code   RO          370    i.USBD_LL_ClearStallEP  usbd_conf.o
    0x08002990   0x08002990   0x00000020   Code   RO          371    i.USBD_LL_CloseEP   usbd_conf.o
    0x080029b0   0x080029b0   0x000000aa   Code   RO          981    i.USBD_LL_DataInStage  usbd_core.o
    0x08002a5a   0x08002a5a   0x0000006a   Code   RO          982    i.USBD_LL_DataOutStage  usbd_core.o
    0x08002ac4   0x08002ac4   0x00000004   Code   RO          983    i.USBD_LL_DevConnected  usbd_core.o
    0x08002ac8   0x08002ac8   0x00000016   Code   RO          984    i.USBD_LL_DevDisconnected  usbd_core.o
    0x08002ade   0x08002ade   0x00000008   Code   RO          375    i.USBD_LL_GetRxDataSize  usbd_conf.o
    0x08002ae6   0x08002ae6   0x00000002   PAD
    0x08002ae8   0x08002ae8   0x0000007c   Code   RO          376    i.USBD_LL_Init      usbd_conf.o
    0x08002b64   0x08002b64   0x00000020   Code   RO          377    i.USBD_LL_IsStallEP  usbd_conf.o
    0x08002b84   0x08002b84   0x00000004   Code   RO          985    i.USBD_LL_IsoINIncomplete  usbd_core.o
    0x08002b88   0x08002b88   0x00000004   Code   RO          986    i.USBD_LL_IsoOUTIncomplete  usbd_core.o
    0x08002b8c   0x08002b8c   0x00000026   Code   RO          378    i.USBD_LL_OpenEP    usbd_conf.o
    0x08002bb2   0x08002bb2   0x00000020   Code   RO          379    i.USBD_LL_PrepareReceive  usbd_conf.o
    0x08002bd2   0x08002bd2   0x0000003e   Code   RO          987    i.USBD_LL_Reset     usbd_core.o
    0x08002c10   0x08002c10   0x0000000c   Code   RO          988    i.USBD_LL_Resume    usbd_core.o
    0x08002c1c   0x08002c1c   0x00000018   Code   RO          989    i.USBD_LL_SOF       usbd_core.o
    0x08002c34   0x08002c34   0x00000006   Code   RO          990    i.USBD_LL_SetSpeed  usbd_core.o
    0x08002c3a   0x08002c3a   0x00000020   Code   RO          380    i.USBD_LL_SetUSBAddress  usbd_conf.o
    0x08002c5a   0x08002c5a   0x0000005a   Code   RO          991    i.USBD_LL_SetupStage  usbd_core.o
    0x08002cb4   0x08002cb4   0x00000020   Code   RO          381    i.USBD_LL_StallEP   usbd_conf.o
    0x08002cd4   0x08002cd4   0x00000020   Code   RO          382    i.USBD_LL_Start     usbd_conf.o
    0x08002cf4   0x08002cf4   0x00000012   Code   RO          992    i.USBD_LL_Suspend   usbd_core.o
    0x08002d06   0x08002d06   0x00000020   Code   RO          384    i.USBD_LL_Transmit  usbd_conf.o
    0x08002d26   0x08002d26   0x00000028   Code   RO          916    i.USBD_ParseSetupRequest  usbd_ctlreq.o
    0x08002d4e   0x08002d4e   0x00000010   Code   RO          993    i.USBD_RegisterClass  usbd_core.o
    0x08002d5e   0x08002d5e   0x00000016   Code   RO          995    i.USBD_SetClassConfig  usbd_core.o
    0x08002d74   0x08002d74   0x00000074   Code   RO          917    i.USBD_SetConfig    usbd_ctlreq.o
    0x08002de8   0x08002de8   0x0000000a   Code   RO          996    i.USBD_Start        usbd_core.o
    0x08002df2   0x08002df2   0x000000f2   Code   RO          918    i.USBD_StdDevReq    usbd_ctlreq.o
    0x08002ee4   0x08002ee4   0x000000dc   Code   RO          919    i.USBD_StdEPReq     usbd_ctlreq.o
    0x08002fc0   0x08002fc0   0x00000034   Code   RO          920    i.USBD_StdItfReq    usbd_ctlreq.o
    0x08002ff4   0x08002ff4   0x00000080   Code   RO         1791    i.USB_ActivateEndpoint  stm32f4xx_ll_usb.o
    0x08003074   0x08003074   0x00000034   Code   RO         1792    i.USB_ActivateSetup  stm32f4xx_ll_usb.o
    0x080030a8   0x080030a8   0x0000006c   Code   RO         1794    i.USB_CoreInit      stm32f4xx_ll_usb.o
    0x08003114   0x08003114   0x00000038   Code   RO         1795    i.USB_CoreReset     stm32f4xx_ll_usb.o
    0x0800314c   0x0800314c   0x000000c8   Code   RO         1797    i.USB_DeactivateEndpoint  stm32f4xx_ll_usb.o
    0x08003214   0x08003214   0x00000018   Code   RO         1798    i.USB_DevConnect    stm32f4xx_ll_usb.o
    0x0800322c   0x0800322c   0x00000018   Code   RO         1799    i.USB_DevDisconnect  stm32f4xx_ll_usb.o
    0x08003244   0x08003244   0x00000140   Code   RO         1800    i.USB_DevInit       stm32f4xx_ll_usb.o
    0x08003384   0x08003384   0x0000000c   Code   RO         1801    i.USB_DisableGlobalInt  stm32f4xx_ll_usb.o
    0x08003390   0x08003390   0x00000140   Code   RO         1804    i.USB_EP0StartXfer  stm32f4xx_ll_usb.o
    0x080034d0   0x080034d0   0x0000003e   Code   RO         1805    i.USB_EP0_OutStart  stm32f4xx_ll_usb.o
    0x0800350e   0x0800350e   0x00000064   Code   RO         1806    i.USB_EPClearStall  stm32f4xx_ll_usb.o
    0x08003572   0x08003572   0x0000005e   Code   RO         1807    i.USB_EPSetStall    stm32f4xx_ll_usb.o
    0x080035d0   0x080035d0   0x0000021c   Code   RO         1808    i.USB_EPStartXfer   stm32f4xx_ll_usb.o
    0x080037ec   0x080037ec   0x0000000c   Code   RO         1809    i.USB_EnableGlobalInt  stm32f4xx_ll_usb.o
    0x080037f8   0x080037f8   0x00000020   Code   RO         1810    i.USB_FlushRxFifo   stm32f4xx_ll_usb.o
    0x08003818   0x08003818   0x00000024   Code   RO         1811    i.USB_FlushTxFifo   stm32f4xx_ll_usb.o
    0x0800383c   0x0800383c   0x0000003c   Code   RO         1813    i.USB_GetDevSpeed   stm32f4xx_ll_usb.o
    0x08003878   0x08003878   0x00000008   Code   RO         1815    i.USB_GetMode       stm32f4xx_ll_usb.o
    0x08003880   0x08003880   0x0000000e   Code   RO         1822    i.USB_ReadDevAllInEpInterrupt  stm32f4xx_ll_usb.o
    0x0800388e   0x0800388e   0x0000000e   Code   RO         1823    i.USB_ReadDevAllOutEpInterrupt  stm32f4xx_ll_usb.o
    0x0800389c   0x0800389c   0x0000001e   Code   RO         1824    i.USB_ReadDevInEPInterrupt  stm32f4xx_ll_usb.o
    0x080038ba   0x080038ba   0x00000010   Code   RO         1825    i.USB_ReadDevOutEPInterrupt  stm32f4xx_ll_usb.o
    0x080038ca   0x080038ca   0x00000008   Code   RO         1826    i.USB_ReadInterrupts  stm32f4xx_ll_usb.o
    0x080038d2   0x080038d2   0x00000020   Code   RO         1827    i.USB_ReadPacket    stm32f4xx_ll_usb.o
    0x080038f2   0x080038f2   0x0000002c   Code   RO         1829    i.USB_SetCurrentMode  stm32f4xx_ll_usb.o
    0x0800391e   0x0800391e   0x00000022   Code   RO         1830    i.USB_SetDevAddress  stm32f4xx_ll_usb.o
    0x08003940   0x08003940   0x00000028   Code   RO         1834    i.USB_WritePacket   stm32f4xx_ll_usb.o
    0x08003968   0x08003968   0x00000002   Code   RO          284    i.UsageFault_Handler  stm32f4xx_it.o
    0x0800396a   0x0800396a   0x00000002   Code   RO          216    i._Error_Handler    main.o
    0x0800396c   0x0800396c   0x0000007a   Code   RO         3244    i.__hardfp_sqrt     m_wm.l(sqrt.o)
    0x080039e6   0x080039e6   0x0000000e   Code   RO         3337    i.__scatterload_copy  mc_w.l(handlers.o)
    0x080039f4   0x080039f4   0x00000002   Code   RO         3338    i.__scatterload_null  mc_w.l(handlers.o)
    0x080039f6   0x080039f6   0x0000000e   Code   RO         3339    i.__scatterload_zeroinit  mc_w.l(handlers.o)
    0x08003a04   0x08003a04   0x0000000c   Code   RO         3319    i.__set_errno       mc_w.l(errno.o)
    0x08003a10   0x08003a10   0x00000050   Code   RO         3265    i.free              mc_w.l(malloc.o)
    0x08003a60   0x08003a60   0x0000004c   Code   RO          704    i.i2cRead           mpu.o
    0x08003aac   0x08003aac   0x0000001c   Code   RO          705    i.i2cStart          mpu.o
    0x08003ac8   0x08003ac8   0x00000010   Code   RO          706    i.i2cStop           mpu.o
    0x08003ad8   0x08003ad8   0x0000003c   Code   RO          707    i.i2cWrite          mpu.o
    0x08003b14   0x08003b14   0x0000002c   Code   RO          769    i.invSqrt           madgwickahrs.o
    0x08003b40   0x08003b40   0x000000d0   Code   RO          217    i.main              main.o
    0x08003c10   0x08003c10   0x0000006c   Code   RO         3266    i.malloc            mc_w.l(malloc.o)
    0x08003c7c   0x08003c7c   0x00000178   Code   RO          709    i.readMPU           mpu.o
    0x08003df4   0x08003df4   0x00000010   Data   RO           15    .constdata          system_stm32f4xx.o
    0x08003e04   0x08003e04   0x00000008   Data   RO           16    .constdata          system_stm32f4xx.o
    0x08003e0c   0x08003e0c   0x00000020   Data   RO         3335    Region$$Table       anon$$obj.o


    Execution Region RW_IRAM1 (Exec base: 0x20000000, Load base: 0x08003e2c, Size: 0x00002008, Max: 0x00020000, ABSOLUTE, COMPRESSED[0x000000c8])

    Exec Addr    Load Addr    Size         Type   Attr      Idx    E Section Name        Object

    0x20000000   COMPRESSED   0x00000004   Data   RW           17    .data               system_stm32f4xx.o
    0x20000004   COMPRESSED   0x00000010   Data   RW          552    .data               usbd_cdc_if.o
    0x20000014   COMPRESSED   0x0000001c   Data   RW          642    .data               usbd_desc.o
    0x20000030   COMPRESSED   0x00000016   Data   RW          643    .data               usbd_desc.o
    0x20000046   COMPRESSED   0x00000002   PAD
    0x20000048   COMPRESSED   0x00000014   Data   RW          770    .data               madgwickahrs.o
    0x2000005c   COMPRESSED   0x00000001   Data   RW          921    .data               usbd_ctlreq.o
    0x2000005d   COMPRESSED   0x00000003   PAD
    0x20000060   COMPRESSED   0x000000db   Data   RW         1131    .data               usbd_cdc.o
    0x2000013b   COMPRESSED   0x00000001   PAD
    0x2000013c   COMPRESSED   0x00000038   Data   RW         1132    .data               usbd_cdc.o
    0x20000174   COMPRESSED   0x0000000c   Data   RW         1367    .data               stm32f4xx_hal.o
    0x20000180   COMPRESSED   0x00000004   Data   RW         3315    .data               mc_w.l(mvars.o)
    0x20000184   COMPRESSED   0x00000004   Data   RW         3316    .data               mc_w.l(mvars.o)
    0x20000188   COMPRESSED   0x00000004   Data   RW         3320    .data               mc_w.l(errno.o)
    0x2000018c        -       0x00000224   Zero   RW          148    .bss                usb_device.o
    0x200003b0        -       0x00000064   Zero   RW          218    .bss                main.o
    0x20000414        -       0x000003f0   Zero   RW          385    .bss                usbd_conf.o
    0x20000804        -       0x00001000   Zero   RW          551    .bss                usbd_cdc_if.o
    0x20001804        -       0x00000200   Zero   RW          641    .bss                usbd_desc.o
    0x20001a04   COMPRESSED   0x00000004   PAD
    0x20001a08        -       0x00000200   Zero   RW            2    HEAP                startup_stm32f407xx.o
    0x20001c08        -       0x00000400   Zero   RW            1    STACK               startup_stm32f407xx.o


==============================================================================

Image component sizes


      Code (inc. data)   RO Data    RW Data    ZI Data      Debug   Object Name

      2180         22          0         20          0       4262   madgwickahrs.o
       422         50          0          0        100       3912   main.o
       690         26          0          0          0       4127   mpu.o
        36          8        392          0       1536        824   startup_stm32f407xx.o
       180         28          0         12          0       4485   stm32f4xx_hal.o
       228         14          0          0          0      32017   stm32f4xx_hal_cortex.o
       432         44          0          0          0       1740   stm32f4xx_hal_gpio.o
       264         10          0          0          0       2959   stm32f4xx_hal_i2c.o
       164         14          0          0          0       1456   stm32f4xx_hal_msp.o
      2156         72          0          0          0      11169   stm32f4xx_hal_pcd.o
        76          0          0          0          0       1808   stm32f4xx_hal_pcd_ex.o
      1240         70          0          0          0       4953   stm32f4xx_hal_rcc.o
        42          6          0          0          0       4454   stm32f4xx_it.o
      2420         56          0          0          0      20012   stm32f4xx_ll_usb.o
        84         18         24          4          0     659579   system_stm32f4xx.o
       258         30          0          0          0      29000   uart.o
        56         18          0          0        548       6711   usb_device.o
       542         22          0        275          0      12112   usbd_cdc.o
        68         16          0         16       4096       2546   usbd_cdc_if.o
       726         36          0          0       1008      14158   usbd_conf.o
       626          0          0          0          0      11774   usbd_core.o
       986         30          0          1          0       7872   usbd_ctlreq.o
       200        104          0         50        512       5015   usbd_desc.o
       132          0          0          0          0       4416   usbd_ioreq.o

    ----------------------------------------------------------------------
     14224        694        448        384       7804     851361   Object Totals
         0          0         32          0          0          0   (incl. Generated)
        16          0          0          6          4          0   (incl. Padding)

    ----------------------------------------------------------------------

      Code (inc. data)   RO Data    RW Data    ZI Data      Debug   Library Member Name

       122          0          0          0          0        148   sqrt.o
        86          0          0          0          0          0   __dczerorl2.o
         0          0          0          0          0          0   entry.o
         0          0          0          0          0          0   entry10a.o
         0          0          0          0          0          0   entry11a.o
         8          4          0          0          0          0   entry2.o
         4          0          0          0          0          0   entry5.o
         0          0          0          0          0          0   entry7b.o
         0          0          0          0          0          0   entry8b.o
         8          4          0          0          0          0   entry9a.o
        12          6          0          4          0         68   errno.o
        30          0          0          0          0          0   handlers.o
        36          8          0          0          0         68   init.o
         0          0          0          0          0          0   iusefp.o
        30          0          0          0          0         68   llshl.o
        32          0          0          0          0         68   llushr.o
       188         20          0          0          0        160   malloc.o
        36          0          0          0          0         68   memcpya.o
         0          0          0          8          0          0   mvars.o
        98          0          0          0          0         92   uldiv.o
        56          0          0          0          0         88   d2f.o
       186          0          0          0          0        176   depilogue.o
       162          0          0          0          0        100   dsqrt.o
        38          0          0          0          0         68   f2d.o
       110          0          0          0          0        168   fepilogue.o

    ----------------------------------------------------------------------
      1244         42          0         12          0       1340   Library Totals
         2          0          0          0          0          0   (incl. Padding)

    ----------------------------------------------------------------------

      Code (inc. data)   RO Data    RW Data    ZI Data      Debug   Library Name

       122          0          0          0          0        148   m_wm.l
       568         42          0         12          0        592   mc_w.l
       552          0          0          0          0        600   mf_w.l

    ----------------------------------------------------------------------
      1244         42          0         12          0       1340   Library Totals

    ----------------------------------------------------------------------

==============================================================================


      Code (inc. data)   RO Data    RW Data    ZI Data      Debug   

     15468        736        448        396       7804     836165   Grand Totals
     15468        736        448        200       7804     836165   ELF Image Totals (compressed)
     15468        736        448        200          0          0   ROM Totals

==============================================================================

    Total RO  Size (Code + RO Data)                15916 (  15.54kB)
    Total RW  Size (RW Data + ZI Data)              8200 (   8.01kB)
    Total ROM Size (Code + RO Data + RW Data)      16116 (  15.74kB)

==============================================================================

